Archive member included to satisfy reference by file (symbol)

c:/st/stm32cubeide_1.10.1/stm32cubeide/plugins/com.st.stm32cube.ide.mcu.externaltools.gnu-tools-for-stm32.10.3-2021.10.win32_1.0.0.202111181127/tools/bin/../lib/gcc/arm-none-eabi/10.3.1/../../../../arm-none-eabi/lib/thumb/v7-m/nofp\libc_nano.a(lib_a-errno.o)
                              build/syscalls.o (__errno)
c:/st/stm32cubeide_1.10.1/stm32cubeide/plugins/com.st.stm32cube.ide.mcu.externaltools.gnu-tools-for-stm32.10.3-2021.10.win32_1.0.0.202111181127/tools/bin/../lib/gcc/arm-none-eabi/10.3.1/../../../../arm-none-eabi/lib/thumb/v7-m/nofp\libc_nano.a(lib_a-exit.o)
                              c:/st/stm32cubeide_1.10.1/stm32cubeide/plugins/com.st.stm32cube.ide.mcu.externaltools.gnu-tools-for-stm32.10.3-2021.10.win32_1.0.0.202111181127/tools/bin/../lib/gcc/arm-none-eabi/10.3.1/../../../../arm-none-eabi/lib/thumb/v7-m/nofp/crt0.o (exit)
c:/st/stm32cubeide_1.10.1/stm32cubeide/plugins/com.st.stm32cube.ide.mcu.externaltools.gnu-tools-for-stm32.10.3-2021.10.win32_1.0.0.202111181127/tools/bin/../lib/gcc/arm-none-eabi/10.3.1/../../../../arm-none-eabi/lib/thumb/v7-m/nofp\libc_nano.a(lib_a-impure.o)
                              c:/st/stm32cubeide_1.10.1/stm32cubeide/plugins/com.st.stm32cube.ide.mcu.externaltools.gnu-tools-for-stm32.10.3-2021.10.win32_1.0.0.202111181127/tools/bin/../lib/gcc/arm-none-eabi/10.3.1/../../../../arm-none-eabi/lib/thumb/v7-m/nofp\libc_nano.a(lib_a-exit.o) (_global_impure_ptr)
c:/st/stm32cubeide_1.10.1/stm32cubeide/plugins/com.st.stm32cube.ide.mcu.externaltools.gnu-tools-for-stm32.10.3-2021.10.win32_1.0.0.202111181127/tools/bin/../lib/gcc/arm-none-eabi/10.3.1/../../../../arm-none-eabi/lib/thumb/v7-m/nofp\libc_nano.a(lib_a-init.o)
                              c:/st/stm32cubeide_1.10.1/stm32cubeide/plugins/com.st.stm32cube.ide.mcu.externaltools.gnu-tools-for-stm32.10.3-2021.10.win32_1.0.0.202111181127/tools/bin/../lib/gcc/arm-none-eabi/10.3.1/../../../../arm-none-eabi/lib/thumb/v7-m/nofp/crt0.o (__libc_init_array)
c:/st/stm32cubeide_1.10.1/stm32cubeide/plugins/com.st.stm32cube.ide.mcu.externaltools.gnu-tools-for-stm32.10.3-2021.10.win32_1.0.0.202111181127/tools/bin/../lib/gcc/arm-none-eabi/10.3.1/../../../../arm-none-eabi/lib/thumb/v7-m/nofp\libc_nano.a(lib_a-memset.o)
                              c:/st/stm32cubeide_1.10.1/stm32cubeide/plugins/com.st.stm32cube.ide.mcu.externaltools.gnu-tools-for-stm32.10.3-2021.10.win32_1.0.0.202111181127/tools/bin/../lib/gcc/arm-none-eabi/10.3.1/../../../../arm-none-eabi/lib/thumb/v7-m/nofp/crt0.o (memset)
c:/st/stm32cubeide_1.10.1/stm32cubeide/plugins/com.st.stm32cube.ide.mcu.externaltools.gnu-tools-for-stm32.10.3-2021.10.win32_1.0.0.202111181127/tools/bin/../lib/gcc/arm-none-eabi/10.3.1/../../../../arm-none-eabi/lib/thumb/v7-m/nofp\libc_nano.a(lib_a-sprintf.o)
                              build/traffic.o (sprintf)
c:/st/stm32cubeide_1.10.1/stm32cubeide/plugins/com.st.stm32cube.ide.mcu.externaltools.gnu-tools-for-stm32.10.3-2021.10.win32_1.0.0.202111181127/tools/bin/../lib/gcc/arm-none-eabi/10.3.1/../../../../arm-none-eabi/lib/thumb/v7-m/nofp\libc_nano.a(lib_a-nano-svfprintf.o)
                              c:/st/stm32cubeide_1.10.1/stm32cubeide/plugins/com.st.stm32cube.ide.mcu.externaltools.gnu-tools-for-stm32.10.3-2021.10.win32_1.0.0.202111181127/tools/bin/../lib/gcc/arm-none-eabi/10.3.1/../../../../arm-none-eabi/lib/thumb/v7-m/nofp\libc_nano.a(lib_a-sprintf.o) (_svfprintf_r)
c:/st/stm32cubeide_1.10.1/stm32cubeide/plugins/com.st.stm32cube.ide.mcu.externaltools.gnu-tools-for-stm32.10.3-2021.10.win32_1.0.0.202111181127/tools/bin/../lib/gcc/arm-none-eabi/10.3.1/../../../../arm-none-eabi/lib/thumb/v7-m/nofp\libc_nano.a(lib_a-nano-vfprintf_i.o)
                              c:/st/stm32cubeide_1.10.1/stm32cubeide/plugins/com.st.stm32cube.ide.mcu.externaltools.gnu-tools-for-stm32.10.3-2021.10.win32_1.0.0.202111181127/tools/bin/../lib/gcc/arm-none-eabi/10.3.1/../../../../arm-none-eabi/lib/thumb/v7-m/nofp\libc_nano.a(lib_a-nano-svfprintf.o) (_printf_i)
c:/st/stm32cubeide_1.10.1/stm32cubeide/plugins/com.st.stm32cube.ide.mcu.externaltools.gnu-tools-for-stm32.10.3-2021.10.win32_1.0.0.202111181127/tools/bin/../lib/gcc/arm-none-eabi/10.3.1/../../../../arm-none-eabi/lib/thumb/v7-m/nofp\libc_nano.a(lib_a-memchr-stub.o)
                              c:/st/stm32cubeide_1.10.1/stm32cubeide/plugins/com.st.stm32cube.ide.mcu.externaltools.gnu-tools-for-stm32.10.3-2021.10.win32_1.0.0.202111181127/tools/bin/../lib/gcc/arm-none-eabi/10.3.1/../../../../arm-none-eabi/lib/thumb/v7-m/nofp\libc_nano.a(lib_a-nano-svfprintf.o) (memchr)
c:/st/stm32cubeide_1.10.1/stm32cubeide/plugins/com.st.stm32cube.ide.mcu.externaltools.gnu-tools-for-stm32.10.3-2021.10.win32_1.0.0.202111181127/tools/bin/../lib/gcc/arm-none-eabi/10.3.1/../../../../arm-none-eabi/lib/thumb/v7-m/nofp\libc_nano.a(lib_a-memcpy-stub.o)
[...]
Memory Configuration

Name             Origin             Length             Attributes
RAM              0x0000000020000000 0x0000000000005000 xrw
FLASH            0x0000000008000000 0x0000000000020000 xr
*default*        0x0000000000000000 0xffffffffffffffff

Linker script and memory map

LOAD c:/st/stm32cubeide_1.10.1/stm32cubeide/plugins/com.st.stm32cube.ide.mcu.externaltools.gnu-tools-for-stm32.10.3-2021.10.win32_1.0.0.202111181127/tools/bin/../lib/gcc/arm-none-eabi/10.3.1/thumb/v7-m/nofp/crti.o
LOAD c:/st/stm32cubeide_1.10.1/stm32cubeide/plugins/com.st.stm32cube.ide.mcu.externaltools.gnu-tools-for-stm32.10.3-2021.10.win32_1.0.0.202111181127/tools/bin/../lib/gcc/arm-none-eabi/10.3.1/thumb/v7-m/nofp/crtbegin.o
LOAD c:/st/stm32cubeide_1.10.1/stm32cubeide/plugins/com.st.stm32cube.ide.mcu.externaltools.gnu-tools-for-stm32.10.3-2021.10.win32_1.0.0.202111181127/tools/bin/../lib/gcc/arm-none-eabi/10.3.1/../../../../arm-none-eabi/lib/thumb/v7-m/nofp/crt0.o
LOAD build/button.o
LOAD build/fsm_auto.o
LOAD build/fsm_manual.o
LOAD build/fsm_pedestrian.o
LOAD build/fsm_tuning.o
LOAD build/global.o
LOAD build/main.o
LOAD build/scheduler.o
LOAD build/stm32f1xx_hal_msp.o
LOAD build/stm32f1xx_it.o
LOAD build/syscalls.o
LOAD build/sysmem.o
LOAD build/system_stm32f1xx.o
LOAD build/timer.o
LOAD build/traffic.o
LOAD build/stm32f1xx_hal.o
LOAD build/stm32f1xx_hal_cortex.o
LOAD build/stm32f1xx_hal_dma.o
LOAD build/stm32f1xx_hal_exti.o
LOAD build/stm32f1xx_hal_flash.o
LOAD build/stm32f1xx_hal_flash_ex.o
LOAD build/stm32f1xx_hal_gpio.o
LOAD build/stm32f1xx_hal_gpio_ex.o
LOAD build/stm32f1xx_hal_pwr.o
LOAD build/stm32f1xx_hal_rcc.o
LOAD build/stm32f1xx_hal_rcc_ex.o
LOAD build/stm32f1xx_hal_tim.o
LOAD build/stm32f1xx_hal_tim_ex.o
LOAD build/stm32f1xx_hal_uart.o
LOAD build/startup_stm32f103rbtx.o
LOAD c:/st/stm32cubeide_1.10.1/stm32cubeide/plugins/com.st.stm32cube.ide.mcu.externaltools.gnu-tools-for-stm32.10.3-2021.10.win32_1.0.0.202111181127/tools/bin/../lib/gcc/arm-none-eabi/10.3.1/../../../../arm-none-eabi/lib/thumb/v7-m/nofp\libc_nano.a
LOAD c:/st/stm32cubeide_1.10.1/stm32cubeide/plugins/com.st.stm32cube.ide.mcu.externaltools.gnu-tools-for-stm32.10.3-2021.10.win32_1.0.0.202111181127/tools/bin/../lib/gcc/arm-none-eabi/10.3.1/../../../../arm-none-eabi/lib/thumb/v7-m/nofp\libm.a
LOAD c:/st/stm32cubeide_1.10.1/stm32cubeide/plugins/com.st.stm32cube.ide.mcu.externaltools.gnu-tools-for-stm32.10.3-2021.10.win32_1.0.0.202111181127/tools/bin/../lib/gcc/arm-none-eabi/10.3.1/../../../../arm-none-eabi/lib/thumb/v7-m/nofp\libnosys.a
START GROUP
LOAD c:/st/stm32cubeide_1.10.1/stm32cubeide/plugins/com.st.stm32cube.ide.mcu.externaltools.gnu-tools-for-stm32.10.3-2021.10.win32_1.0.0.202111181127/tools/bin/../lib/gcc/arm-none-eabi/10.3.1/thumb/v7-m/nofp\libgcc.a
LOAD c:/st/stm32cubeide_1.10.1/stm32cubeide/plugins/com.st.stm32cube.ide.mcu.externaltools.gnu-tools-for-stm32.10.3-2021.10.win32_1.0.0.202111181127/tools/bin/../lib/gcc/arm-none-eabi/10.3.1/../../../../arm-none-eabi/lib/thumb/v7-m/nofp\libc_nano.a
END GROUP
START GROUP
LOAD c:/st/stm32cubeide_1.10.1/stm32cubeide/plugins/com.st.stm32cube.ide.mcu.externaltools.gnu-tools-for-stm32.10.3-2021.10.win32_1.0.0.202111181127/tools/bin/../lib/gcc/arm-none-eabi/10.3.1/thumb/v7-m/nofp\libgcc.a
LOAD c:/st/stm32cubeide_1.10.1/stm32cubeide/plugins/com.st.stm32cube.ide.mcu.externaltools.gnu-tools-for-stm32.10.3-2021.10.win32_1.0.0.202111181127/tools/bin/../lib/gcc/arm-none-eabi/10.3.1/../../../../arm-none-eabi/lib/thumb/v7-m/nofp\libc_nano.a
END GROUP
LOAD c:/st/stm32cubeide_1.10.1/stm32cubeide/plugins/com.st.stm32cube.ide.mcu.externaltools.gnu-tools-for-stm32.10.3-2021.10.win32_1.0.0.202111181127/tools/bin/../lib/gcc/arm-none-eabi/10.3.1/thumb/v7-m/nofp/crtend.o
LOAD c:/st/stm32cubeide_1.10.1/stm32cubeide/plugins/com.st.stm32cube.ide.mcu.externaltools.gnu-tools-for-stm32.10.3-2021.10.win32_1.0.0.202111181127/tools/bin/../lib/gcc/arm-none-eabi/10.3.1/thumb/v7-m/nofp/crtn.o
                0x0000000020005000                _estack = (ORIGIN (RAM) + LENGTH (RAM))
                0x0000000000000200                _Min_Heap_Size = 0x200
                0x0000000000000400                _Min_Stack_Size = 0x400

.isr_vector     0x0000000008000000      0x10c
                0x0000000008000000                . = ALIGN (0x4)
 *(.isr_vector)
 .isr_vector    0x0000000008000000      0x10c build/startup_stm32f103rbtx.o
                0x0000000008000000                g_pfnVectors
                0x000000000800010c                . = ALIGN (0x4)

.text           0x000000000800010c     0x4bbc
                0x000000000800010c                . = ALIGN (0x4)
 *(.text)
 .text          0x000000000800010c       0x40 c:/st/stm32cubeide_1.10.1/stm32cubeide/plugins/com.st.stm32cube.ide.mcu.externaltools.gnu-tools-for-stm32.10.3-2021.10.win32_1.0.0.202111181127/tools/bin/../lib/gcc/arm-none-eabi/10.3.1/thumb/v7-m/nofp/crtbegin.o
 *(.text*)
 .text.isButtonPressed
                0x000000000800014c       0x34 build/button.o
                0x000000000800014c                isButtonPressed
 .text.button_process
                0x0000000008000180       0x2c build/button.o
                0x0000000008000180                button_process
 .text.button_reading
                0x00000000080001ac      0x20c build/button.o
                0x00000000080001ac                button_reading
 .text.fsm_auto_run
                0x00000000080003b8      0x250 build/fsm_auto.o
                0x00000000080003b8                fsm_auto_run
 .text.fsm_manual_run
                0x0000000008000608      0x290 build/fsm_manual.o
                0x0000000008000608                fsm_manual_run
 .text.fsm_pedestrian_run
                0x0000000008000898      0x1bc build/fsm_pedestrian.o
                0x0000000008000898                fsm_pedestrian_run
 .text.fsm_tuning_run
                0x0000000008000a54      0x538 build/fsm_tuning.o
                0x0000000008000a54                fsm_tuning_run
 .text.main     0x0000000008000f8c       0x5c build/main.o
                0x0000000008000f8c                main
 .text.SystemClock_Config
                0x0000000008000fe8       0x82 build/main.o
                0x0000000008000fe8                SystemClock_Config
 *fill*         0x000000000800106a        0x2 
 .text.MX_TIM2_Init
                0x000000000800106c       0x98 build/main.o
 .text.MX_TIM3_Init
                0x0000000008001104       0xec build/main.o
 .text.MX_USART2_UART_Init
                0x00000000080011f0       0x54 build/main.o
 .text.MX_GPIO_Init
                0x0000000008001244       0xdc build/main.o
 .text.Error_Handler
                0x0000000008001320        0xa build/main.o
                0x0000000008001320                Error_Handler
 .text.SCH_Init
                0x000000000800132a       0x2a build/scheduler.o
                0x000000000800132a                SCH_Init
 .text.SCH_Delete_Task
                0x0000000008001354       0x80 build/scheduler.o
                0x0000000008001354                SCH_Delete_Task
 .text.HAL_MspInit
                0x00000000080013d4       0x64 build/stm32f1xx_hal_msp.o
                0x00000000080013d4                HAL_MspInit
 .text.HAL_TIM_Base_MspInit
                0x0000000008001438       0x70 build/stm32f1xx_hal_msp.o
                0x0000000008001438                HAL_TIM_Base_MspInit
 .text.HAL_TIM_MspPostInit
                0x00000000080014a8       0x64 build/stm32f1xx_hal_msp.o
                0x00000000080014a8                HAL_TIM_MspPostInit
 .text.HAL_UART_MspInit
                0x000000000800150c       0xa4 build/stm32f1xx_hal_msp.o
                0x000000000800150c                HAL_UART_MspInit
 .text.NMI_Handler
                0x00000000080015b0        0x6 build/stm32f1xx_it.o
                0x00000000080015b0                NMI_Handler
 .text.HardFault_Handler
                0x00000000080015b6        0x6 build/stm32f1xx_it.o
                0x00000000080015b6                HardFault_Handler
 .text.MemManage_Handler
                0x00000000080015bc        0x6 build/stm32f1xx_it.o
                0x00000000080015bc                MemManage_Handler
 .text.BusFault_Handler
                0x00000000080015c2        0x6 build/stm32f1xx_it.o
                0x00000000080015c2                BusFault_Handler
 .text.UsageFault_Handler
                0x00000000080015c8        0x6 build/stm32f1xx_it.o
                0x00000000080015c8                UsageFault_Handler
 .text.SVC_Handler
                0x00000000080015ce        0xc build/stm32f1xx_it.o
                0x00000000080015ce                SVC_Handler
 .text.DebugMon_Handler
                0x00000000080015da        0xc build/stm32f1xx_it.o
                0x00000000080015da                DebugMon_Handler
 .text.PendSV_Handler
                0x00000000080015e6        0xc build/stm32f1xx_it.o
                0x00000000080015e6                PendSV_Handler
 .text.SysTick_Handler
                0x00000000080015f2        0xc build/stm32f1xx_it.o
                0x00000000080015f2                SysTick_Handler
 *fill*         0x00000000080015fe        0x2 
 .text.TIM2_IRQHandler
                0x0000000008001600       0x14 build/stm32f1xx_it.o
                0x0000000008001600                TIM2_IRQHandler
 .text.USART2_IRQHandler
                0x0000000008001614       0x14 build/stm32f1xx_it.o
                0x0000000008001614                USART2_IRQHandler
 .text._sbrk    0x0000000008001628       0x6c build/sysmem.o
                0x0000000008001628                _sbrk
 .text.SystemInit
                0x0000000008001694        0xc build/system_stm32f1xx.o
                0x0000000008001694                SystemInit
 .text.setTimer1
                0x00000000080016a0       0x38 build/timer.o
                0x00000000080016a0                setTimer1
 .text.setTimer2
                0x00000000080016d8       0x38 build/timer.o
                0x00000000080016d8                setTimer2
 .text.setTimer3
                0x0000000008001710       0x38 build/timer.o
                0x0000000008001710                setTimer3
 .text.timer_run
                0x0000000008001748       0x84 build/timer.o
                0x0000000008001748                timer_run
 .text.HAL_TIM_PeriodElapsedCallback
                0x00000000080017cc       0x18 build/timer.o
                0x00000000080017cc                HAL_TIM_PeriodElapsedCallback
 .text.setTraffic1Red
                0x00000000080017e4       0x28 build/traffic.o
                0x00000000080017e4                setTraffic1Red
 .text.setTraffic2Red
                0x000000000800180c       0x20 build/traffic.o
                0x000000000800180c                setTraffic2Red
 .text.setTraffic1Green
                0x000000000800182c       0x28 build/traffic.o
                0x000000000800182c                setTraffic1Green
 .text.clearTraffic1
                0x0000000008001854       0x28 build/traffic.o
                0x0000000008001854                clearTraffic1
 .text.setTraffic2Green
                0x000000000800187c       0x20 build/traffic.o
                0x000000000800187c                setTraffic2Green
 .text.setTraffic1Yellow
                0x000000000800189c       0x28 build/traffic.o
                0x000000000800189c                setTraffic1Yellow
 .text.setTraffic2Yellow
                0x00000000080018c4       0x20 build/traffic.o
                0x00000000080018c4                setTraffic2Yellow
 .text.clearTraffic2
                0x00000000080018e4       0x20 build/traffic.o
                0x00000000080018e4                clearTraffic2
 .text.setPedestrianRed
                0x0000000008001904       0x28 build/traffic.o
                0x0000000008001904                setPedestrianRed
 .text.setPedestrianGreen
                0x000000000800192c       0x28 build/traffic.o
                0x000000000800192c                setPedestrianGreen
 .text.clearPedestrian
                0x0000000008001954       0x28 build/traffic.o
                0x0000000008001954                clearPedestrian
 .text.toggleTraffic1Red
                0x000000000800197c       0x18 build/traffic.o
                0x000000000800197c                toggleTraffic1Red
 .text.toggleTraffic2Red
                0x0000000008001994       0x14 build/traffic.o
                0x0000000008001994                toggleTraffic2Red
 .text.toggleTraffic1Green
                0x00000000080019a8       0x14 build/traffic.o
                0x00000000080019a8                toggleTraffic1Green
 .text.toggleTraffic2Green
                0x00000000080019bc       0x14 build/traffic.o
                0x00000000080019bc                toggleTraffic2Green
 .text.toggleTraffic1Yellow
                0x00000000080019d0       0x24 build/traffic.o
                0x00000000080019d0                toggleTraffic1Yellow
 .text.toggleTraffic2Yellow
                0x00000000080019f4       0x1c build/traffic.o
                0x00000000080019f4                toggleTraffic2Yellow
 .text.acceptTraffic1Red
                0x0000000008001a10       0x44 build/traffic.o
                0x0000000008001a10                acceptTraffic1Red
 .text.acceptTraffic2Red
                0x0000000008001a54       0x44 build/traffic.o
                0x0000000008001a54                acceptTraffic2Red
 .text.acceptTraffic1Green
                0x0000000008001a98       0x34 build/traffic.o
                0x0000000008001a98                acceptTraffic1Green
 .text.acceptTraffic2Green
                0x0000000008001acc       0x34 build/traffic.o
                0x0000000008001acc                acceptTraffic2Green
 .text.acceptTraffic1Yellow
                0x0000000008001b00       0x34 build/traffic.o
                0x0000000008001b00                acceptTraffic1Yellow
 .text.acceptTraffic2Yellow
                0x0000000008001b34       0x34 build/traffic.o
                0x0000000008001b34                acceptTraffic2Yellow
 .text.displayCounter
                0x0000000008001b68       0x5c build/traffic.o
                0x0000000008001b68                displayCounter
 .text.HAL_Init
                0x0000000008001bc4       0x2c build/stm32f1xx_hal.o
                0x0000000008001bc4                HAL_Init
 .text.HAL_InitTick
                0x0000000008001bf0       0x60 build/stm32f1xx_hal.o
                0x0000000008001bf0                HAL_InitTick
 .text.HAL_IncTick
                0x0000000008001c50       0x24 build/stm32f1xx_hal.o
                0x0000000008001c50                HAL_IncTick
 .text.HAL_GetTick
                0x0000000008001c74       0x14 build/stm32f1xx_hal.o
                0x0000000008001c74                HAL_GetTick
 .text.__NVIC_SetPriorityGrouping
                0x0000000008001c88       0x48 build/stm32f1xx_hal_cortex.o
 .text.__NVIC_GetPriorityGrouping
                0x0000000008001cd0       0x1c build/stm32f1xx_hal_cortex.o
 .text.__NVIC_EnableIRQ
                0x0000000008001cec       0x38 build/stm32f1xx_hal_cortex.o
 .text.__NVIC_SetPriority
                0x0000000008001d24       0x54 build/stm32f1xx_hal_cortex.o
 .text.NVIC_EncodePriority
                0x0000000008001d78       0x64 build/stm32f1xx_hal_cortex.o
 .text.SysTick_Config
                0x0000000008001ddc       0x44 build/stm32f1xx_hal_cortex.o
 .text.HAL_NVIC_SetPriorityGrouping
                0x0000000008001e20       0x16 build/stm32f1xx_hal_cortex.o
                0x0000000008001e20                HAL_NVIC_SetPriorityGrouping
 .text.HAL_NVIC_SetPriority
                0x0000000008001e36       0x38 build/stm32f1xx_hal_cortex.o
                0x0000000008001e36                HAL_NVIC_SetPriority
 .text.HAL_NVIC_EnableIRQ
                0x0000000008001e6e       0x1c build/stm32f1xx_hal_cortex.o
                0x0000000008001e6e                HAL_NVIC_EnableIRQ
 .text.HAL_SYSTICK_Config
                0x0000000008001e8a       0x18 build/stm32f1xx_hal_cortex.o
                0x0000000008001e8a                HAL_SYSTICK_Config
 .text.HAL_DMA_Abort
                0x0000000008001ea2       0x74 build/stm32f1xx_hal_dma.o
                0x0000000008001ea2                HAL_DMA_Abort
 *fill*         0x0000000008001f16        0x2 
 .text.HAL_DMA_Abort_IT
                0x0000000008001f18       0xec build/stm32f1xx_hal_dma.o
                0x0000000008001f18                HAL_DMA_Abort_IT
 .text.HAL_GPIO_Init
                0x0000000008002004      0x308 build/stm32f1xx_hal_gpio.o
                0x0000000008002004                HAL_GPIO_Init
 .text.HAL_GPIO_ReadPin
                0x000000000800230c       0x2e build/stm32f1xx_hal_gpio.o
                0x000000000800230c                HAL_GPIO_ReadPin
 .text.HAL_GPIO_WritePin
                0x000000000800233a       0x30 build/stm32f1xx_hal_gpio.o
                0x000000000800233a                HAL_GPIO_WritePin
 .text.HAL_GPIO_TogglePin
                0x000000000800236a       0x32 build/stm32f1xx_hal_gpio.o
                0x000000000800236a                HAL_GPIO_TogglePin
 .text.HAL_RCC_OscConfig
                0x000000000800239c      0x504 build/stm32f1xx_hal_rcc.o
                0x000000000800239c                HAL_RCC_OscConfig
 .text.HAL_RCC_ClockConfig
                0x00000000080028a0      0x1d4 build/stm32f1xx_hal_rcc.o
                0x00000000080028a0                HAL_RCC_ClockConfig
 .text.HAL_RCC_GetSysClockFreq
                0x0000000008002a74       0xbc build/stm32f1xx_hal_rcc.o
                0x0000000008002a74                HAL_RCC_GetSysClockFreq
 .text.HAL_RCC_GetHCLKFreq
                0x0000000008002b30       0x14 build/stm32f1xx_hal_rcc.o
                0x0000000008002b30                HAL_RCC_GetHCLKFreq
 .text.HAL_RCC_GetPCLK1Freq
                0x0000000008002b44       0x28 build/stm32f1xx_hal_rcc.o
                0x0000000008002b44                HAL_RCC_GetPCLK1Freq
 .text.HAL_RCC_GetPCLK2Freq
                0x0000000008002b6c       0x28 build/stm32f1xx_hal_rcc.o
                0x0000000008002b6c                HAL_RCC_GetPCLK2Freq
 .text.RCC_Delay
                0x0000000008002b94       0x3c build/stm32f1xx_hal_rcc.o
 .text.HAL_TIM_Base_Init
                0x0000000008002bd0       0x9e build/stm32f1xx_hal_tim.o
                0x0000000008002bd0                HAL_TIM_Base_Init
 *fill*         0x0000000008002c6e        0x2 
 .text.HAL_TIM_Base_Start_IT
                0x0000000008002c70       0xa4 build/stm32f1xx_hal_tim.o
                0x0000000008002c70                HAL_TIM_Base_Start_IT
 .text.HAL_TIM_PWM_Init
                0x0000000008002d14       0x9e build/stm32f1xx_hal_tim.o
                0x0000000008002d14                HAL_TIM_PWM_Init
 .text.HAL_TIM_PWM_MspInit
                0x0000000008002db2       0x12 build/stm32f1xx_hal_tim.o
                0x0000000008002db2                HAL_TIM_PWM_MspInit
 .text.HAL_TIM_PWM_Start
                0x0000000008002dc4      0x144 build/stm32f1xx_hal_tim.o
                0x0000000008002dc4                HAL_TIM_PWM_Start
 .text.HAL_TIM_IRQHandler
                0x0000000008002f08      0x210 build/stm32f1xx_hal_tim.o
                0x0000000008002f08                HAL_TIM_IRQHandler
 .text.HAL_TIM_PWM_ConfigChannel
                0x0000000008003118      0x17c build/stm32f1xx_hal_tim.o
                0x0000000008003118                HAL_TIM_PWM_ConfigChannel
 .text.HAL_TIM_ConfigClockSource
                0x0000000008003294      0x188 build/stm32f1xx_hal_tim.o
                0x0000000008003294                HAL_TIM_ConfigClockSource
 .text.HAL_TIM_OC_DelayElapsedCallback
                0x000000000800341c       0x12 build/stm32f1xx_hal_tim.o
                0x000000000800341c                HAL_TIM_OC_DelayElapsedCallback
 .text.HAL_TIM_IC_CaptureCallback
                0x000000000800342e       0x12 build/stm32f1xx_hal_tim.o
                0x000000000800342e                HAL_TIM_IC_CaptureCallback
 .text.HAL_TIM_PWM_PulseFinishedCallback
                0x0000000008003440       0x12 build/stm32f1xx_hal_tim.o
                0x0000000008003440                HAL_TIM_PWM_PulseFinishedCallback
 .text.HAL_TIM_TriggerCallback
                0x0000000008003452       0x12 build/stm32f1xx_hal_tim.o
                0x0000000008003452                HAL_TIM_TriggerCallback
 .text.TIM_Base_SetConfig
                0x0000000008003464       0xc4 build/stm32f1xx_hal_tim.o
                0x0000000008003464                TIM_Base_SetConfig
 .text.TIM_OC1_SetConfig
                0x0000000008003528       0xcc build/stm32f1xx_hal_tim.o
 .text.TIM_OC2_SetConfig
                0x00000000080035f4       0xd4 build/stm32f1xx_hal_tim.o
                0x00000000080035f4                TIM_OC2_SetConfig
 .text.TIM_OC3_SetConfig
                0x00000000080036c8       0xd4 build/stm32f1xx_hal_tim.o
 .text.TIM_OC4_SetConfig
                0x000000000800379c       0x9c build/stm32f1xx_hal_tim.o
 .text.TIM_TI1_ConfigInputStage
                0x0000000008003838       0x5c build/stm32f1xx_hal_tim.o
 .text.TIM_TI2_ConfigInputStage
                0x0000000008003894       0x5e build/stm32f1xx_hal_tim.o
 .text.TIM_ITRx_SetConfig
                0x00000000080038f2       0x34 build/stm32f1xx_hal_tim.o
 .text.TIM_ETR_SetConfig
                0x0000000008003926       0x3e build/stm32f1xx_hal_tim.o
                0x0000000008003926                TIM_ETR_SetConfig
 .text.TIM_CCxChannelCmd
                0x0000000008003964       0x48 build/stm32f1xx_hal_tim.o
                0x0000000008003964                TIM_CCxChannelCmd
 .text.HAL_TIMEx_MasterConfigSynchronization
                0x00000000080039ac       0xbc build/stm32f1xx_hal_tim_ex.o
                0x00000000080039ac                HAL_TIMEx_MasterConfigSynchronization
 .text.HAL_TIMEx_CommutCallback
                0x0000000008003a68       0x12 build/stm32f1xx_hal_tim_ex.o
                0x0000000008003a68                HAL_TIMEx_CommutCallback
 .text.HAL_TIMEx_BreakCallback
                0x0000000008003a7a       0x12 build/stm32f1xx_hal_tim_ex.o
                0x0000000008003a7a                HAL_TIMEx_BreakCallback
 .text.HAL_UART_Init
                0x0000000008003a8c       0x9a build/stm32f1xx_hal_uart.o
                0x0000000008003a8c                HAL_UART_Init
 .text.HAL_UART_Transmit_IT
                0x0000000008003b26       0x88 build/stm32f1xx_hal_uart.o
                0x0000000008003b26                HAL_UART_Transmit_IT
 *fill*         0x0000000008003bae        0x2 
 .text.HAL_UART_IRQHandler
                0x0000000008003bb0      0x354 build/stm32f1xx_hal_uart.o
                0x0000000008003bb0                HAL_UART_IRQHandler
 .text.HAL_UART_TxCpltCallback
                0x0000000008003f04       0x12 build/stm32f1xx_hal_uart.o
                0x0000000008003f04                HAL_UART_TxCpltCallback
 .text.HAL_UART_RxCpltCallback
                0x0000000008003f16       0x12 build/stm32f1xx_hal_uart.o
                0x0000000008003f16                HAL_UART_RxCpltCallback
 .text.HAL_UART_ErrorCallback
                0x0000000008003f28       0x12 build/stm32f1xx_hal_uart.o
                0x0000000008003f28                HAL_UART_ErrorCallback
 .text.HAL_UARTEx_RxEventCallback
                0x0000000008003f3a       0x16 build/stm32f1xx_hal_uart.o
                0x0000000008003f3a                HAL_UARTEx_RxEventCallback
 .text.UART_EndRxTransfer
                0x0000000008003f50       0x58 build/stm32f1xx_hal_uart.o
 .text.UART_DMAAbortOnError
                0x0000000008003fa8       0x28 build/stm32f1xx_hal_uart.o
 .text.UART_Transmit_IT
                0x0000000008003fd0       0x9e build/stm32f1xx_hal_uart.o
 .text.UART_EndTransmit_IT
                0x000000000800406e       0x30 build/stm32f1xx_hal_uart.o
 .text.UART_Receive_IT
                0x000000000800409e      0x152 build/stm32f1xx_hal_uart.o
 .text.UART_SetConfig
                0x00000000080041f0      0x11c build/stm32f1xx_hal_uart.o
 .text.Reset_Handler
                0x000000000800430c       0x48 build/startup_stm32f103rbtx.o
                0x000000000800430c                Reset_Handler
 .text.Default_Handler
                0x0000000008004354        0x2 build/startup_stm32f103rbtx.o
                0x0000000008004354                RTC_Alarm_IRQHandler
                0x0000000008004354                EXTI2_IRQHandler
                0x0000000008004354                TIM1_CC_IRQHandler
                0x0000000008004354                PVD_IRQHandler
                0x0000000008004354                EXTI3_IRQHandler
                0x0000000008004354                EXTI0_IRQHandler
                0x0000000008004354                I2C2_EV_IRQHandler
                0x0000000008004354                ADC1_2_IRQHandler
                0x0000000008004354                SPI1_IRQHandler
                0x0000000008004354                TAMPER_IRQHandler
                0x0000000008004354                DMA1_Channel4_IRQHandler
                0x0000000008004354                USART3_IRQHandler
                0x0000000008004354                RTC_IRQHandler
                0x0000000008004354                DMA1_Channel7_IRQHandler
                0x0000000008004354                CAN1_RX1_IRQHandler
                0x0000000008004354                TIM4_IRQHandler
                0x0000000008004354                I2C1_EV_IRQHandler
                0x0000000008004354                DMA1_Channel6_IRQHandler
                0x0000000008004354                TIM3_IRQHandler
                0x0000000008004354                RCC_IRQHandler
                0x0000000008004354                TIM1_TRG_COM_IRQHandler
                0x0000000008004354                DMA1_Channel1_IRQHandler
                0x0000000008004354                Default_Handler
                0x0000000008004354                EXTI15_10_IRQHandler
                0x0000000008004354                EXTI9_5_IRQHandler
                0x0000000008004354                SPI2_IRQHandler
                0x0000000008004354                DMA1_Channel5_IRQHandler
                0x0000000008004354                EXTI4_IRQHandler
                0x0000000008004354                USB_LP_CAN1_RX0_IRQHandler
                0x0000000008004354                USB_HP_CAN1_TX_IRQHandler
                0x0000000008004354                DMA1_Channel3_IRQHandler
                0x0000000008004354                TIM1_UP_IRQHandler
                0x0000000008004354                WWDG_IRQHandler
                0x0000000008004354                TIM1_BRK_IRQHandler
                0x0000000008004354                EXTI1_IRQHandler
                0x0000000008004354                I2C2_ER_IRQHandler
                0x0000000008004354                DMA1_Channel2_IRQHandler
                0x0000000008004354                CAN1_SCE_IRQHandler
                0x0000000008004354                FLASH_IRQHandler
                0x0000000008004354                USART1_IRQHandler
                0x0000000008004354                I2C1_ER_IRQHandler
                0x0000000008004354                USBWakeUp_IRQHandler
 *fill*         0x0000000008004356        0x2 
 .text.__errno  0x0000000008004358        0xc c:/st/stm32cubeide_1.10.1/stm32cubeide/plugins/com.st.stm32cube.ide.mcu.externaltools.gnu-tools-for-stm32.10.3-2021.10.win32_1.0.0.202111181127/tools/bin/../lib/gcc/arm-none-eabi/10.3.1/../../../../arm-none-eabi/lib/thumb/v7-m/nofp\libc_nano.a(lib_a-errno.o)
                0x0000000008004358                __errno
 .text.__libc_init_array
                0x0000000008004364       0x48 c:/st/stm32cubeide_1.10.1/stm32cubeide/plugins/com.st.stm32cube.ide.mcu.externaltools.gnu-tools-for-stm32.10.3-2021.10.win32_1.0.0.202111181127/tools/bin/../lib/gcc/arm-none-eabi/10.3.1/../../../../arm-none-eabi/lib/thumb/v7-m/nofp\libc_nano.a(lib_a-init.o)
                0x0000000008004364                __libc_init_array
 .text.memset   0x00000000080043ac       0x10 c:/st/stm32cubeide_1.10.1/stm32cubeide/plugins/com.st.stm32cube.ide.mcu.externaltools.gnu-tools-for-stm32.10.3-2021.10.win32_1.0.0.202111181127/tools/bin/../lib/gcc/arm-none-eabi/10.3.1/../../../../arm-none-eabi/lib/thumb/v7-m/nofp\libc_nano.a(lib_a-memset.o)
                0x00000000080043ac                memset
 .text.sprintf  0x00000000080043bc       0x40 c:/st/stm32cubeide_1.10.1/stm32cubeide/plugins/com.st.stm32cube.ide.mcu.externaltools.gnu-tools-for-stm32.10.3-2021.10.win32_1.0.0.202111181127/tools/bin/../lib/gcc/arm-none-eabi/10.3.1/../../../../arm-none-eabi/lib/thumb/v7-m/nofp\libc_nano.a(lib_a-sprintf.o)
                0x00000000080043bc                siprintf
                0x00000000080043bc                sprintf
 .text.__ssputs_r
                0x00000000080043fc       0xb6 c:/st/stm32cubeide_1.10.1/stm32cubeide/plugins/com.st.stm32cube.ide.mcu.externaltools.gnu-tools-for-stm32.10.3-2021.10.win32_1.0.0.202111181127/tools/bin/../lib/gcc/arm-none-eabi/10.3.1/../../../../arm-none-eabi/lib/thumb/v7-m/nofp\libc_nano.a(lib_a-nano-svfprintf.o)
                0x00000000080043fc                __ssputs_r
 *fill*         0x00000000080044b2        0x2 
 .text._svfprintf_r
                0x00000000080044b4      0x200 c:/st/stm32cubeide_1.10.1/stm32cubeide/plugins/com.st.stm32cube.ide.mcu.externaltools.gnu-tools-for-stm32.10.3-2021.10.win32_1.0.0.202111181127/tools/bin/../lib/gcc/arm-none-eabi/10.3.1/../../../../arm-none-eabi/lib/thumb/v7-m/nofp\libc_nano.a(lib_a-nano-svfprintf.o)
                0x00000000080044b4                _svfiprintf_r
                0x00000000080044b4                _svfprintf_r
 .text._printf_common
                0x00000000080046b4       0xde c:/st/stm32cubeide_1.10.1/stm32cubeide/plugins/com.st.stm32cube.ide.mcu.externaltools.gnu-tools-for-stm32.10.3-2021.10.win32_1.0.0.202111181127/tools/bin/../lib/gcc/arm-none-eabi/10.3.1/../../../../arm-none-eabi/lib/thumb/v7-m/nofp\libc_nano.a(lib_a-nano-vfprintf_i.o)
                0x00000000080046b4                _printf_common
 *fill*         0x0000000008004792        0x2 
 .text._printf_i
                0x0000000008004794      0x24c c:/st/stm32cubeide_1.10.1/stm32cubeide/plugins/com.st.stm32cube.ide.mcu.externaltools.gnu-tools-for-stm32.10.3-2021.10.win32_1.0.0.202111181127/tools/bin/../lib/gcc/arm-none-eabi/10.3.1/../../../../arm-none-eabi/lib/thumb/v7-m/nofp\libc_nano.a(lib_a-nano-vfprintf_i.o)
                0x0000000008004794                _printf_i
 .text.memchr   0x00000000080049e0       0x1c c:/st/stm32cubeide_1.10.1/stm32cubeide/plugins/com.st.stm32cube.ide.mcu.externaltools.gnu-tools-for-stm32.10.3-2021.10.win32_1.0.0.202111181127/tools/bin/../lib/gcc/arm-none-eabi/10.3.1/../../../../arm-none-eabi/lib/thumb/v7-m/nofp\libc_nano.a(lib_a-memchr-stub.o)
                0x00000000080049e0                memchr
 .text.memcpy   0x00000000080049fc       0x1c c:/st/stm32cubeide_1.10.1/stm32cubeide/plugins/com.st.stm32cube.ide.mcu.externaltools.gnu-tools-for-stm32.10.3-2021.10.win32_1.0.0.202111181127/tools/bin/../lib/gcc/arm-none-eabi/10.3.1/../../../../arm-none-eabi/lib/thumb/v7-m/nofp\libc_nano.a(lib_a-memcpy-stub.o)
                0x00000000080049fc                memcpy
 .text.memmove  0x0000000008004a18       0x34 c:/st/stm32cubeide_1.10.1/stm32cubeide/plugins/com.st.stm32cube.ide.mcu.externaltools.gnu-tools-for-stm32.10.3-2021.10.win32_1.0.0.202111181127/tools/bin/../lib/gcc/arm-none-eabi/10.3.1/../../../../arm-none-eabi/lib/thumb/v7-m/nofp\libc_nano.a(lib_a-memmove.o)
                0x0000000008004a18                memmove
 .text._free_r  0x0000000008004a4c       0x90 c:/st/stm32cubeide_1.10.1/stm32cubeide/plugins/com.st.stm32cube.ide.mcu.externaltools.gnu-tools-for-stm32.10.3-2021.10.win32_1.0.0.202111181127/tools/bin/../lib/gcc/arm-none-eabi/10.3.1/../../../../arm-none-eabi/lib/thumb/v7-m/nofp\libc_nano.a(lib_a-nano-freer.o)
                0x0000000008004a4c                _free_r
 .text.sbrk_aligned
                0x0000000008004adc       0x40 c:/st/stm32cubeide_1.10.1/stm32cubeide/plugins/com.st.stm32cube.ide.mcu.externaltools.gnu-tools-for-stm32.10.3-2021.10.win32_1.0.0.202111181127/tools/bin/../lib/gcc/arm-none-eabi/10.3.1/../../../../arm-none-eabi/lib/thumb/v7-m/nofp\libc_nano.a(lib_a-nano-mallocr.o)
 .text._malloc_r
                0x0000000008004b1c       0xe8 c:/st/stm32cubeide_1.10.1/stm32cubeide/plugins/com.st.stm32cube.ide.mcu.externaltools.gnu-tools-for-stm32.10.3-2021.10.win32_1.0.0.202111181127/tools/bin/../lib/gcc/arm-none-eabi/10.3.1/../../../../arm-none-eabi/lib/thumb/v7-m/nofp\libc_nano.a(lib_a-nano-mallocr.o)
                0x0000000008004b1c                _malloc_r
 .text._realloc_r
                0x0000000008004c04       0x5e c:/st/stm32cubeide_1.10.1/stm32cubeide/plugins/com.st.stm32cube.ide.mcu.externaltools.gnu-tools-for-stm32.10.3-2021.10.win32_1.0.0.202111181127/tools/bin/../lib/gcc/arm-none-eabi/10.3.1/../../../../arm-none-eabi/lib/thumb/v7-m/nofp\libc_nano.a(lib_a-nano-reallocr.o)
                0x0000000008004c04                _realloc_r
 *fill*         0x0000000008004c62        0x2 
 .text._sbrk_r  0x0000000008004c64       0x20 c:/st/stm32cubeide_1.10.1/stm32cubeide/plugins/com.st.stm32cube.ide.mcu.externaltools.gnu-tools-for-stm32.10.3-2021.10.win32_1.0.0.202111181127/tools/bin/../lib/gcc/arm-none-eabi/10.3.1/../../../../arm-none-eabi/lib/thumb/v7-m/nofp\libc_nano.a(lib_a-sbrkr.o)
                0x0000000008004c64                _sbrk_r
 .text.__malloc_lock
                0x0000000008004c84        0xc c:/st/stm32cubeide_1.10.1/stm32cubeide/plugins/com.st.stm32cube.ide.mcu.externaltools.gnu-tools-for-stm32.10.3-2021.10.win32_1.0.0.202111181127/tools/bin/../lib/gcc/arm-none-eabi/10.3.1/../../../../arm-none-eabi/lib/thumb/v7-m/nofp\libc_nano.a(lib_a-mlock.o)
                0x0000000008004c84                __malloc_lock
 .text.__malloc_unlock
                0x0000000008004c90        0xc c:/st/stm32cubeide_1.10.1/stm32cubeide/plugins/com.st.stm32cube.ide.mcu.externaltools.gnu-tools-for-stm32.10.3-2021.10.win32_1.0.0.202111181127/tools/bin/../lib/gcc/arm-none-eabi/10.3.1/../../../../arm-none-eabi/lib/thumb/v7-m/nofp\libc_nano.a(lib_a-mlock.o)
                0x0000000008004c90                __malloc_unlock
 .text._malloc_usable_size_r
                0x0000000008004c9c       0x10 c:/st/stm32cubeide_1.10.1/stm32cubeide/plugins/com.st.stm32cube.ide.mcu.externaltools.gnu-tools-for-stm32.10.3-2021.10.win32_1.0.0.202111181127/tools/bin/../lib/gcc/arm-none-eabi/10.3.1/../../../../arm-none-eabi/lib/thumb/v7-m/nofp\libc_nano.a(lib_a-nano-msizer.o)
                0x0000000008004c9c                _malloc_usable_size_r
 .text.__retarget_lock_acquire_recursive
                0x0000000008004cac        0x2 c:/st/stm32cubeide_1.10.1/stm32cubeide/plugins/com.st.stm32cube.ide.mcu.externaltools.gnu-tools-for-stm32.10.3-2021.10.win32_1.0.0.202111181127/tools/bin/../lib/gcc/arm-none-eabi/10.3.1/../../../../arm-none-eabi/lib/thumb/v7-m/nofp\libc_nano.a(lib_a-lock.o)
                0x0000000008004cac                __retarget_lock_acquire_recursive
 .text.__retarget_lock_release_recursive
                0x0000000008004cae        0x2 c:/st/stm32cubeide_1.10.1/stm32cubeide/plugins/com.st.stm32cube.ide.mcu.externaltools.gnu-tools-for-stm32.10.3-2021.10.win32_1.0.0.202111181127/tools/bin/../lib/gcc/arm-none-eabi/10.3.1/../../../../arm-none-eabi/lib/thumb/v7-m/nofp\libc_nano.a(lib_a-lock.o)
                0x0000000008004cae                __retarget_lock_release_recursive
 *(.glue_7)
 .glue_7        0x0000000008004cb0        0x0 linker stubs
 *(.glue_7t)
 .glue_7t       0x0000000008004cb0        0x0 linker stubs
 *(.eh_frame)
 .eh_frame      0x0000000008004cb0        0x0 c:/st/stm32cubeide_1.10.1/stm32cubeide/plugins/com.st.stm32cube.ide.mcu.externaltools.gnu-tools-for-stm32.10.3-2021.10.win32_1.0.0.202111181127/tools/bin/../lib/gcc/arm-none-eabi/10.3.1/thumb/v7-m/nofp/crtbegin.o
 *(.init)
 .init          0x0000000008004cb0        0x4 c:/st/stm32cubeide_1.10.1/stm32cubeide/plugins/com.st.stm32cube.ide.mcu.externaltools.gnu-tools-for-stm32.10.3-2021.10.win32_1.0.0.202111181127/tools/bin/../lib/gcc/arm-none-eabi/10.3.1/thumb/v7-m/nofp/crti.o
                0x0000000008004cb0                _init
 .init          0x0000000008004cb4        0x8 c:/st/stm32cubeide_1.10.1/stm32cubeide/plugins/com.st.stm32cube.ide.mcu.externaltools.gnu-tools-for-stm32.10.3-2021.10.win32_1.0.0.202111181127/tools/bin/../lib/gcc/arm-none-eabi/10.3.1/thumb/v7-m/nofp/crtn.o
 *(.fini)
 .fini          0x0000000008004cbc        0x4 c:/st/stm32cubeide_1.10.1/stm32cubeide/plugins/com.st.stm32cube.ide.mcu.externaltools.gnu-tools-for-stm32.10.3-2021.10.win32_1.0.0.202111181127/tools/bin/../lib/gcc/arm-none-eabi/10.3.1/thumb/v7-m/nofp/crti.o
                0x0000000008004cbc                _fini
 .fini          0x0000000008004cc0        0x8 c:/st/stm32cubeide_1.10.1/stm32cubeide/plugins/com.st.stm32cube.ide.mcu.externaltools.gnu-tools-for-stm32.10.3-2021.10.win32_1.0.0.202111181127/tools/bin/../lib/gcc/arm-none-eabi/10.3.1/thumb/v7-m/nofp/crtn.o
                0x0000000008004cc8                . = ALIGN (0x4)
                0x0000000008004cc8                _etext = .

.vfp11_veneer   0x0000000008004cc8        0x0
 .vfp11_veneer  0x0000000008004cc8        0x0 linker stubs

.v4_bx          0x0000000008004cc8        0x0
 .v4_bx         0x0000000008004cc8        0x0 linker stubs

.iplt           0x0000000008004cc8        0x0
 .iplt          0x0000000008004cc8        0x0 c:/st/stm32cubeide_1.10.1/stm32cubeide/plugins/com.st.stm32cube.ide.mcu.externaltools.gnu-tools-for-stm32.10.3-2021.10.win32_1.0.0.202111181127/tools/bin/../lib/gcc/arm-none-eabi/10.3.1/thumb/v7-m/nofp/crtbegin.o

.rodata         0x0000000008004cc8       0x6c
                0x0000000008004cc8                . = ALIGN (0x4)
 *(.rodata)
 .rodata        0x0000000008004cc8        0xe build/traffic.o
 *fill*         0x0000000008004cd6        0x2 
 .rodata        0x0000000008004cd8       0x10 build/stm32f1xx_hal_rcc.o
 *(.rodata*)
 .rodata.AHBPrescTable
                0x0000000008004ce8       0x10 build/system_stm32f1xx.o
                0x0000000008004ce8                AHBPrescTable
 .rodata.APBPrescTable
                0x0000000008004cf8        0x8 build/system_stm32f1xx.o
                0x0000000008004cf8                APBPrescTable
 .rodata._svfprintf_r.str1.1
                0x0000000008004d00       0x11 c:/st/stm32cubeide_1.10.1/stm32cubeide/plugins/com.st.stm32cube.ide.mcu.externaltools.gnu-tools-for-stm32.10.3-2021.10.win32_1.0.0.202111181127/tools/bin/../lib/gcc/arm-none-eabi/10.3.1/../../../../arm-none-eabi/lib/thumb/v7-m/nofp\libc_nano.a(lib_a-nano-svfprintf.o)
 .rodata._printf_i.str1.1
                0x0000000008004d11       0x22 c:/st/stm32cubeide_1.10.1/stm32cubeide/plugins/com.st.stm32cube.ide.mcu.externaltools.gnu-tools-for-stm32.10.3-2021.10.win32_1.0.0.202111181127/tools/bin/../lib/gcc/arm-none-eabi/10.3.1/../../../../arm-none-eabi/lib/thumb/v7-m/nofp\libc_nano.a(lib_a-nano-vfprintf_i.o)
                0x0000000008004d34                . = ALIGN (0x4)
 *fill*         0x0000000008004d33        0x1 

.rel.dyn        0x0000000008004d34        0x0
 .rel.iplt      0x0000000008004d34        0x0 c:/st/stm32cubeide_1.10.1/stm32cubeide/plugins/com.st.stm32cube.ide.mcu.externaltools.gnu-tools-for-stm32.10.3-2021.10.win32_1.0.0.202111181127/tools/bin/../lib/gcc/arm-none-eabi/10.3.1/thumb/v7-m/nofp/crtbegin.o

.ARM.extab      0x0000000008004d34        0x0
                0x0000000008004d34                . = ALIGN (0x4)
 *(.ARM.extab* .gnu.linkonce.armextab.*)
                0x0000000008004d34                . = ALIGN (0x4)

.ARM            0x0000000008004d34        0x0
                0x0000000008004d34                . = ALIGN (0x4)
                0x0000000008004d34                __exidx_start = .
 *(.ARM.exidx*)
                0x0000000008004d34                __exidx_end = .
                0x0000000008004d34                . = ALIGN (0x4)

.preinit_array  0x0000000008004d34        0x0
                0x0000000008004d34                . = ALIGN (0x4)
                0x0000000008004d34                PROVIDE (__preinit_array_start = .)
 *(.preinit_array*)
                0x0000000008004d34                PROVIDE (__preinit_array_end = .)
                0x0000000008004d34                . = ALIGN (0x4)

.init_array     0x0000000008004d34        0x4
                0x0000000008004d34                . = ALIGN (0x4)
                0x0000000008004d34                PROVIDE (__init_array_start = .)
 *(SORT_BY_NAME(.init_array.*))
 *(.init_array*)
 .init_array    0x0000000008004d34        0x4 c:/st/stm32cubeide_1.10.1/stm32cubeide/plugins/com.st.stm32cube.ide.mcu.externaltools.gnu-tools-for-stm32.10.3-2021.10.win32_1.0.0.202111181127/tools/bin/../lib/gcc/arm-none-eabi/10.3.1/thumb/v7-m/nofp/crtbegin.o
                0x0000000008004d38                PROVIDE (__init_array_end = .)
                0x0000000008004d38                . = ALIGN (0x4)

.fini_array     0x0000000008004d38        0x4
                0x0000000008004d38                . = ALIGN (0x4)
                [!provide]                        PROVIDE (__fini_array_start = .)
 *(SORT_BY_NAME(.fini_array.*))
 *(.fini_array*)
 .fini_array    0x0000000008004d38        0x4 c:/st/stm32cubeide_1.10.1/stm32cubeide/plugins/com.st.stm32cube.ide.mcu.externaltools.gnu-tools-for-stm32.10.3-2021.10.win32_1.0.0.202111181127/tools/bin/../lib/gcc/arm-none-eabi/10.3.1/thumb/v7-m/nofp/crtbegin.o
                [!provide]                        PROVIDE (__fini_array_end = .)
                0x0000000008004d3c                . = ALIGN (0x4)
                0x0000000008004d3c                _sidata = LOADADDR (.data)

.data           0x0000000020000000       0x98 load address 0x0000000008004d3c
                0x0000000020000000                . = ALIGN (0x4)
                0x0000000020000000                _sdata = .
 *(.data)
 *(.data*)
 .data.button_state
                0x0000000020000000       0x10 build/button.o
 .data.max_red1
                0x0000000020000010        0x4 build/global.o
                0x0000000020000010                max_red1
 .data.max_green1
                0x0000000020000014        0x4 build/global.o
                0x0000000020000014                max_green1
 .data.max_yellow1
                0x0000000020000018        0x4 build/global.o
                0x0000000020000018                max_yellow1
 .data.max_red2
                0x000000002000001c        0x4 build/global.o
                0x000000002000001c                max_red2
 .data.max_green2
                0x0000000020000020        0x4 build/global.o
                0x0000000020000020                max_green2
 .data.max_yellow2
                0x0000000020000024        0x4 build/global.o
                0x0000000020000024                max_yellow2
 .data.SystemCoreClock
                0x0000000020000028        0x4 build/system_stm32f1xx.o
                0x0000000020000028                SystemCoreClock
 .data.uwTickPrio
                0x000000002000002c        0x4 build/stm32f1xx_hal.o
                0x000000002000002c                uwTickPrio
 .data.uwTickFreq
                0x0000000020000030        0x1 build/stm32f1xx_hal.o
                0x0000000020000030                uwTickFreq
 *fill*         0x0000000020000031        0x3 
 .data._impure_ptr
                0x0000000020000034        0x4 c:/st/stm32cubeide_1.10.1/stm32cubeide/plugins/com.st.stm32cube.ide.mcu.externaltools.gnu-tools-for-stm32.10.3-2021.10.win32_1.0.0.202111181127/tools/bin/../lib/gcc/arm-none-eabi/10.3.1/../../../../arm-none-eabi/lib/thumb/v7-m/nofp\libc_nano.a(lib_a-impure.o)
                0x0000000020000034                _impure_ptr
 .data.impure_data
                0x0000000020000038       0x60 c:/st/stm32cubeide_1.10.1/stm32cubeide/plugins/com.st.stm32cube.ide.mcu.externaltools.gnu-tools-for-stm32.10.3-2021.10.win32_1.0.0.202111181127/tools/bin/../lib/gcc/arm-none-eabi/10.3.1/../../../../arm-none-eabi/lib/thumb/v7-m/nofp\libc_nano.a(lib_a-impure.o)
 *(.RamFunc)
 *(.RamFunc*)
                0x0000000020000098                . = ALIGN (0x4)
                0x0000000020000098                _edata = .

.igot.plt       0x0000000020000098        0x0 load address 0x0000000008004dd4
 .igot.plt      0x0000000020000098        0x0 c:/st/stm32cubeide_1.10.1/stm32cubeide/plugins/com.st.stm32cube.ide.mcu.externaltools.gnu-tools-for-stm32.10.3-2021.10.win32_1.0.0.202111181127/tools/bin/../lib/gcc/arm-none-eabi/10.3.1/thumb/v7-m/nofp/crtbegin.o
                0x0000000020000098                . = ALIGN (0x4)

.bss            0x0000000020000098      0x4bc load address 0x0000000008004dd4
                0x0000000020000098                _sbss = .
                0x0000000020000098                __bss_start__ = _sbss
 *(.bss)
 .bss           0x0000000020000098       0x1c c:/st/stm32cubeide_1.10.1/stm32cubeide/plugins/com.st.stm32cube.ide.mcu.externaltools.gnu-tools-for-stm32.10.3-2021.10.win32_1.0.0.202111181127/tools/bin/../lib/gcc/arm-none-eabi/10.3.1/thumb/v7-m/nofp/crtbegin.o
 *(.bss*)
 .bss.button_buffer
                0x00000000200000b4       0x10 build/button.o
 .bss.debounce_buffer1
                0x00000000200000c4       0x10 build/button.o
 .bss.debounce_buffer2
                0x00000000200000d4       0x10 build/button.o
 .bss.debounce_buffer3
                0x00000000200000e4       0x10 build/button.o
 .bss.counter_for_button_pressed
                0x00000000200000f4       0x10 build/button.o
 .bss.button_flag
                0x0000000020000104       0x10 build/button.o
 .bss.PWM       0x0000000020000114        0x4 build/fsm_pedestrian.o
                0x0000000020000114                PWM
 .bss.status    0x0000000020000118        0x4 build/global.o
                0x0000000020000118                status
 .bss.pedestrianStatus
                0x000000002000011c        0x4 build/global.o
                0x000000002000011c                pedestrianStatus
 .bss.counter   0x0000000020000120        0x4 build/global.o
                0x0000000020000120                counter
 .bss.str       0x0000000020000124        0x9 build/global.o
                0x0000000020000124                str
 *fill*         0x000000002000012d        0x3 
 .bss.htim2     0x0000000020000130       0x48 build/main.o
                0x0000000020000130                htim2
 .bss.htim3     0x0000000020000178       0x48 build/main.o
                0x0000000020000178                htim3
 .bss.huart2    0x00000000200001c0       0x44 build/main.o
                0x00000000200001c0                huart2
 .bss.SCH_tasks_G
                0x0000000020000204      0x320 build/scheduler.o
                0x0000000020000204                SCH_tasks_G
 .bss.__sbrk_heap_end
                0x0000000020000524        0x4 build/sysmem.o
 .bss.timer1_flag
                0x0000000020000528        0x4 build/timer.o
                0x0000000020000528                timer1_flag
 .bss.timer2_flag
                0x000000002000052c        0x4 build/timer.o
                0x000000002000052c                timer2_flag
 .bss.timer3_flag
                0x0000000020000530        0x4 build/timer.o
                0x0000000020000530                timer3_flag
 .bss.timer1_counter
                0x0000000020000534        0x4 build/timer.o
                0x0000000020000534                timer1_counter
 .bss.timer2_counter
                0x0000000020000538        0x4 build/timer.o
                0x0000000020000538                timer2_counter
 .bss.timer3_counter
                0x000000002000053c        0x4 build/timer.o
                0x000000002000053c                timer3_counter
 .bss.uwTick    0x0000000020000540        0x4 build/stm32f1xx_hal.o
                0x0000000020000540                uwTick
 .bss.__malloc_free_list
                0x0000000020000544        0x4 c:/st/stm32cubeide_1.10.1/stm32cubeide/plugins/com.st.stm32cube.ide.mcu.externaltools.gnu-tools-for-stm32.10.3-2021.10.win32_1.0.0.202111181127/tools/bin/../lib/gcc/arm-none-eabi/10.3.1/../../../../arm-none-eabi/lib/thumb/v7-m/nofp\libc_nano.a(lib_a-nano-mallocr.o)
                0x0000000020000544                __malloc_free_list
 .bss.__malloc_sbrk_start
                0x0000000020000548        0x4 c:/st/stm32cubeide_1.10.1/stm32cubeide/plugins/com.st.stm32cube.ide.mcu.externaltools.gnu-tools-for-stm32.10.3-2021.10.win32_1.0.0.202111181127/tools/bin/../lib/gcc/arm-none-eabi/10.3.1/../../../../arm-none-eabi/lib/thumb/v7-m/nofp\libc_nano.a(lib_a-nano-mallocr.o)
                0x0000000020000548                __malloc_sbrk_start
 .bss.errno     0x000000002000054c        0x4 c:/st/stm32cubeide_1.10.1/stm32cubeide/plugins/com.st.stm32cube.ide.mcu.externaltools.gnu-tools-for-stm32.10.3-2021.10.win32_1.0.0.202111181127/tools/bin/../lib/gcc/arm-none-eabi/10.3.1/../../../../arm-none-eabi/lib/thumb/v7-m/nofp\libc_nano.a(lib_a-reent.o)
                0x000000002000054c                errno
 .bss.__lock___malloc_recursive_mutex
                0x0000000020000550        0x1 c:/st/stm32cubeide_1.10.1/stm32cubeide/plugins/com.st.stm32cube.ide.mcu.externaltools.gnu-tools-for-stm32.10.3-2021.10.win32_1.0.0.202111181127/tools/bin/../lib/gcc/arm-none-eabi/10.3.1/../../../../arm-none-eabi/lib/thumb/v7-m/nofp\libc_nano.a(lib_a-lock.o)
                0x0000000020000550                __lock___malloc_recursive_mutex
 *(COMMON)
                0x0000000020000554                . = ALIGN (0x4)
 *fill*         0x0000000020000551        0x3 
                0x0000000020000554                _ebss = .
                0x0000000020000554                __bss_end__ = _ebss

._user_heap_stack
                0x0000000020000554      0x604 load address 0x0000000008004dd4
                0x0000000020000558                . = ALIGN (0x8)
 *fill*         0x0000000020000554        0x4 
                [!provide]                        PROVIDE (end = .)
                0x0000000020000558                PROVIDE (_end = .)
                0x0000000020000758                . = (. + _Min_Heap_Size)
 *fill*         0x0000000020000558      0x200 
                0x0000000020000b58                . = (. + _Min_Stack_Size)
 *fill*         0x0000000020000758      0x400 
                0x0000000020000b58                . = ALIGN (0x8)

/DISCARD/
 libc.a(*)
 libm.a(*)
 libgcc.a(*)

.ARM.attributes
                0x0000000000000000       0x29
 *(.ARM.attributes)
 .ARM.attributes
                0x0000000000000000       0x1d c:/st/stm32cubeide_1.10.1/stm32cubeide/plugins/com.st.stm32cube.ide.mcu.externaltools.gnu-tools-for-stm32.10.3-2021.10.win32_1.0.0.202111181127/tools/bin/../lib/gcc/arm-none-eabi/10.3.1/thumb/v7-m/nofp/crti.o
 .ARM.attributes
                0x000000000000001d       0x2d c:/st/stm32cubeide_1.10.1/stm32cubeide/plugins/com.st.stm32cube.ide.mcu.externaltools.gnu-tools-for-stm32.10.3-2021.10.win32_1.0.0.202111181127/tools/bin/../lib/gcc/arm-none-eabi/10.3.1/thumb/v7-m/nofp/crtbegin.o
 .ARM.attributes
                0x000000000000004a       0x2d build/button.o
 .ARM.attributes
                0x0000000000000077       0x2d build/fsm_auto.o
 .ARM.attributes
                0x00000000000000a4       0x2d build/fsm_manual.o
 .ARM.attributes
                0x00000000000000d1       0x2d build/fsm_pedestrian.o
 .ARM.attributes
                0x00000000000000fe       0x2d build/fsm_tuning.o
 .ARM.attributes
                0x000000000000012b       0x2d build/global.o
 .ARM.attributes
                0x0000000000000158       0x2d build/main.o
 .ARM.attributes
                0x0000000000000185       0x2d build/scheduler.o
 .ARM.attributes
                0x00000000000001b2       0x2d build/stm32f1xx_hal_msp.o
 .ARM.attributes
                0x00000000000001df       0x2d build/stm32f1xx_it.o
 .ARM.attributes
                0x000000000000020c       0x2d build/sysmem.o
 .ARM.attributes
                0x0000000000000239       0x2d build/system_stm32f1xx.o
 .ARM.attributes
                0x0000000000000266       0x2d build/timer.o
 .ARM.attributes
                0x0000000000000293       0x2d build/traffic.o
 .ARM.attributes
                0x00000000000002c0       0x2d build/stm32f1xx_hal.o
 .ARM.attributes
                0x00000000000002ed       0x2d build/stm32f1xx_hal_cortex.o
 .ARM.attributes
                0x000000000000031a       0x2d build/stm32f1xx_hal_dma.o
 .ARM.attributes
                0x0000000000000347       0x2d build/stm32f1xx_hal_gpio.o
 .ARM.attributes
                0x0000000000000374       0x2d build/stm32f1xx_hal_rcc.o
 .ARM.attributes
                0x00000000000003a1       0x2d build/stm32f1xx_hal_tim.o
 .ARM.attributes
                0x00000000000003ce       0x2d build/stm32f1xx_hal_tim_ex.o
 .ARM.attributes
                0x00000000000003fb       0x2d build/stm32f1xx_hal_uart.o
 .ARM.attributes
                0x0000000000000428       0x21 build/startup_stm32f103rbtx.o
 .ARM.attributes
                0x0000000000000449       0x2d c:/st/stm32cubeide_1.10.1/stm32cubeide/plugins/com.st.stm32cube.ide.mcu.externaltools.gnu-tools-for-stm32.10.3-2021.10.win32_1.0.0.202111181127/tools/bin/../lib/gcc/arm-none-eabi/10.3.1/../../../../arm-none-eabi/lib/thumb/v7-m/nofp\libc_nano.a(lib_a-errno.o)
 .ARM.attributes
                0x0000000000000476       0x2d c:/st/stm32cubeide_1.10.1/stm32cubeide/plugins/com.st.stm32cube.ide.mcu.externaltools.gnu-tools-for-stm32.10.3-2021.10.win32_1.0.0.202111181127/tools/bin/../lib/gcc/arm-none-eabi/10.3.1/../../../../arm-none-eabi/lib/thumb/v7-m/nofp\libc_nano.a(lib_a-impure.o)
 .ARM.attributes
                0x00000000000004a3       0x2d c:/st/stm32cubeide_1.10.1/stm32cubeide/plugins/com.st.stm32cube.ide.mcu.externaltools.gnu-tools-for-stm32.10.3-2021.10.win32_1.0.0.202111181127/tools/bin/../lib/gcc/arm-none-eabi/10.3.1/../../../../arm-none-eabi/lib/thumb/v7-m/nofp\libc_nano.a(lib_a-init.o)
 .ARM.attributes
                0x00000000000004d0       0x2d c:/st/stm32cubeide_1.10.1/stm32cubeide/plugins/com.st.stm32cube.ide.mcu.externaltools.gnu-tools-for-stm32.10.3-2021.10.win32_1.0.0.202111181127/tools/bin/../lib/gcc/arm-none-eabi/10.3.1/../../../../arm-none-eabi/lib/thumb/v7-m/nofp\libc_nano.a(lib_a-memset.o)
 .ARM.attributes
                0x00000000000004fd       0x2d c:/st/stm32cubeide_1.10.1/stm32cubeide/plugins/com.st.stm32cube.ide.mcu.externaltools.gnu-tools-for-stm32.10.3-2021.10.win32_1.0.0.202111181127/tools/bin/../lib/gcc/arm-none-eabi/10.3.1/../../../../arm-none-eabi/lib/thumb/v7-m/nofp\libc_nano.a(lib_a-sprintf.o)
 .ARM.attributes
                0x000000000000052a       0x2d c:/st/stm32cubeide_1.10.1/stm32cubeide/plugins/com.st.stm32cube.ide.mcu.externaltools.gnu-tools-for-stm32.10.3-2021.10.win32_1.0.0.202111181127/tools/bin/../lib/gcc/arm-none-eabi/10.3.1/../../../../arm-none-eabi/lib/thumb/v7-m/nofp\libc_nano.a(lib_a-nano-svfprintf.o)
 .ARM.attributes
                0x0000000000000557       0x2d c:/st/stm32cubeide_1.10.1/stm32cubeide/plugins/com.st.stm32cube.ide.mcu.externaltools.gnu-tools-for-stm32.10.3-2021.10.win32_1.0.0.202111181127/tools/bin/../lib/gcc/arm-none-eabi/10.3.1/../../../../arm-none-eabi/lib/thumb/v7-m/nofp\libc_nano.a(lib_a-nano-vfprintf_i.o)
 .ARM.attributes
                0x0000000000000584       0x2d c:/st/stm32cubeide_1.10.1/stm32cubeide/plugins/com.st.stm32cube.ide.mcu.externaltools.gnu-tools-for-stm32.10.3-2021.10.win32_1.0.0.202111181127/tools/bin/../lib/gcc/arm-none-eabi/10.3.1/../../../../arm-none-eabi/lib/thumb/v7-m/nofp\libc_nano.a(lib_a-memchr-stub.o)
 .ARM.attributes
                0x00000000000005b1       0x2d c:/st/stm32cubeide_1.10.1/stm32cubeide/plugins/com.st.stm32cube.ide.mcu.externaltools.gnu-tools-for-stm32.10.3-2021.10.win32_1.0.0.202111181127/tools/bin/../lib/gcc/arm-none-eabi/10.3.1/../../../../arm-none-eabi/lib/thumb/v7-m/nofp\libc_nano.a(lib_a-memcpy-stub.o)
 .ARM.attributes
                0x00000000000005de       0x2d c:/st/stm32cubeide_1.10.1/stm32cubeide/plugins/com.st.stm32cube.ide.mcu.externaltools.gnu-tools-for-stm32.10.3-2021.10.win32_1.0.0.202111181127/tools/bin/../lib/gcc/arm-none-eabi/10.3.1/../../../../arm-none-eabi/lib/thumb/v7-m/nofp\libc_nano.a(lib_a-memmove.o)
 .ARM.attributes
                0x000000000000060b       0x2d c:/st/stm32cubeide_1.10.1/stm32cubeide/plugins/com.st.stm32cube.ide.mcu.externaltools.gnu-tools-for-stm32.10.3-2021.10.win32_1.0.0.202111181127/tools/bin/../lib/gcc/arm-none-eabi/10.3.1/../../../../arm-none-eabi/lib/thumb/v7-m/nofp\libc_nano.a(lib_a-nano-freer.o)
 .ARM.attributes
                0x0000000000000638       0x2d c:/st/stm32cubeide_1.10.1/stm32cubeide/plugins/com.st.stm32cube.ide.mcu.externaltools.gnu-tools-for-stm32.10.3-2021.10.win32_1.0.0.202111181127/tools/bin/../lib/gcc/arm-none-eabi/10.3.1/../../../../arm-none-eabi/lib/thumb/v7-m/nofp\libc_nano.a(lib_a-nano-mallocr.o)
 .ARM.attributes
                0x0000000000000665       0x2d c:/st/stm32cubeide_1.10.1/stm32cubeide/plugins/com.st.stm32cube.ide.mcu.externaltools.gnu-tools-for-stm32.10.3-2021.10.win32_1.0.0.202111181127/tools/bin/../lib/gcc/arm-none-eabi/10.3.1/../../../../arm-none-eabi/lib/thumb/v7-m/nofp\libc_nano.a(lib_a-nano-reallocr.o)
 .ARM.attributes
                0x0000000000000692       0x2d c:/st/stm32cubeide_1.10.1/stm32cubeide/plugins/com.st.stm32cube.ide.mcu.externaltools.gnu-tools-for-stm32.10.3-2021.10.win32_1.0.0.202111181127/tools/bin/../lib/gcc/arm-none-eabi/10.3.1/../../../../arm-none-eabi/lib/thumb/v7-m/nofp\libc_nano.a(lib_a-sbrkr.o)
 .ARM.attributes
                0x00000000000006bf       0x2d c:/st/stm32cubeide_1.10.1/stm32cubeide/plugins/com.st.stm32cube.ide.mcu.externaltools.gnu-tools-for-stm32.10.3-2021.10.win32_1.0.0.202111181127/tools/bin/../lib/gcc/arm-none-eabi/10.3.1/../../../../arm-none-eabi/lib/thumb/v7-m/nofp\libc_nano.a(lib_a-mlock.o)
 .ARM.attributes
                0x00000000000006ec       0x2d c:/st/stm32cubeide_1.10.1/stm32cubeide/plugins/com.st.stm32cube.ide.mcu.externaltools.gnu-tools-for-stm32.10.3-2021.10.win32_1.0.0.202111181127/tools/bin/../lib/gcc/arm-none-eabi/10.3.1/../../../../arm-none-eabi/lib/thumb/v7-m/nofp\libc_nano.a(lib_a-nano-msizer.o)
 .ARM.attributes
                0x0000000000000719       0x2d c:/st/stm32cubeide_1.10.1/stm32cubeide/plugins/com.st.stm32cube.ide.mcu.externaltools.gnu-tools-for-stm32.10.3-2021.10.win32_1.0.0.202111181127/tools/bin/../lib/gcc/arm-none-eabi/10.3.1/../../../../arm-none-eabi/lib/thumb/v7-m/nofp\libc_nano.a(lib_a-reent.o)
 .ARM.attributes
                0x0000000000000746       0x2d c:/st/stm32cubeide_1.10.1/stm32cubeide/plugins/com.st.stm32cube.ide.mcu.externaltools.gnu-tools-for-stm32.10.3-2021.10.win32_1.0.0.202111181127/tools/bin/../lib/gcc/arm-none-eabi/10.3.1/../../../../arm-none-eabi/lib/thumb/v7-m/nofp\libc_nano.a(lib_a-lock.o)
 .ARM.attributes
                0x0000000000000773       0x1d c:/st/stm32cubeide_1.10.1/stm32cubeide/plugins/com.st.stm32cube.ide.mcu.externaltools.gnu-tools-for-stm32.10.3-2021.10.win32_1.0.0.202111181127/tools/bin/../lib/gcc/arm-none-eabi/10.3.1/thumb/v7-m/nofp/crtn.o
OUTPUT(build/stm32_f103rbt6.elf elf32-littlearm)
LOAD linker stubs
LOAD c:/st/stm32cubeide_1.10.1/stm32cubeide/plugins/com.st.stm32cube.ide.mcu.externaltools.gnu-tools-for-stm32.10.3-2021.10.win32_1.0.0.202111181127/tools/bin/../lib/gcc/arm-none-eabi/10.3.1/../../../../arm-none-eabi/lib/thumb/v7-m/nofp\libc.a
LOAD c:/st/stm32cubeide_1.10.1/stm32cubeide/plugins/com.st.stm32cube.ide.mcu.externaltools.gnu-tools-for-stm32.10.3-2021.10.win32_1.0.0.202111181127/tools/bin/../lib/gcc/arm-none-eabi/10.3.1/../../../../arm-none-eabi/lib/thumb/v7-m/nofp\libm.a
LOAD c:/st/stm32cubeide_1.10.1/stm32cubeide/plugins/com.st.stm32cube.ide.mcu.externaltools.gnu-tools-for-stm32.10.3-2021.10.win32_1.0.0.202111181127/tools/bin/../lib/gcc/arm-none-eabi/10.3.1/thumb/v7-m/nofp\libgcc.a

.debug_info     0x0000000000000000     0xcb01
 .debug_info    0x0000000000000000      0x295 build/button.o
 .debug_info    0x0000000000000295      0x16e build/fsm_auto.o
 .debug_info    0x0000000000000403      0x18a build/fsm_manual.o
 .debug_info    0x000000000000058d      0x6eb build/fsm_pedestrian.o
 .debug_info    0x0000000000000c78      0x220 build/fsm_tuning.o
 .debug_info    0x0000000000000e98      0x1cd build/global.o
 .debug_info    0x0000000000001065      0xfff build/main.o
 .debug_info    0x0000000000002064      0x265 build/scheduler.o
 .debug_info    0x00000000000022c9      0xdf4 build/stm32f1xx_hal_msp.o
 .debug_info    0x00000000000030bd      0x990 build/stm32f1xx_it.o
 .debug_info    0x0000000000003a4d      0x171 build/sysmem.o
 .debug_info    0x0000000000003bbe      0x236 build/system_stm32f1xx.o
 .debug_info    0x0000000000003df4      0x74d build/timer.o
 .debug_info    0x0000000000004541      0x8cd build/traffic.o
 .debug_info    0x0000000000004e0e      0x734 build/stm32f1xx_hal.o
 .debug_info    0x0000000000005542      0xb20 build/stm32f1xx_hal_cortex.o
 .debug_info    0x0000000000006062      0x73f build/stm32f1xx_hal_dma.o
 .debug_info    0x00000000000067a1      0x615 build/stm32f1xx_hal_gpio.o
 .debug_info    0x0000000000006db6      0x860 build/stm32f1xx_hal_rcc.o
 .debug_info    0x0000000000007616     0x29de build/stm32f1xx_hal_tim.o
 .debug_info    0x0000000000009ff4     0x1513 build/stm32f1xx_hal_tim_ex.o
 .debug_info    0x000000000000b507     0x15d8 build/stm32f1xx_hal_uart.o
 .debug_info    0x000000000000cadf       0x22 build/startup_stm32f103rbtx.o

.debug_abbrev   0x0000000000000000     0x252f
 .debug_abbrev  0x0000000000000000      0x166 build/button.o
 .debug_abbrev  0x0000000000000166       0xa3 build/fsm_auto.o
 .debug_abbrev  0x0000000000000209       0xa3 build/fsm_manual.o
 .debug_abbrev  0x00000000000002ac      0x197 build/fsm_pedestrian.o
 .debug_abbrev  0x0000000000000443       0xa3 build/fsm_tuning.o
 .debug_abbrev  0x00000000000004e6       0x86 build/global.o
 .debug_abbrev  0x000000000000056c      0x2db build/main.o
 .debug_abbrev  0x0000000000000847      0x192 build/scheduler.o
 .debug_abbrev  0x00000000000009d9      0x1c5 build/stm32f1xx_hal_msp.o
 .debug_abbrev  0x0000000000000b9e      0x184 build/stm32f1xx_it.o
 .debug_abbrev  0x0000000000000d22       0xbb build/sysmem.o
 .debug_abbrev  0x0000000000000ddd      0x13b build/system_stm32f1xx.o
 .debug_abbrev  0x0000000000000f18      0x1df build/timer.o
 .debug_abbrev  0x00000000000010f7      0x1a3 build/traffic.o
 .debug_abbrev  0x000000000000129a      0x1fb build/stm32f1xx_hal.o
 .debug_abbrev  0x0000000000001495      0x2ed build/stm32f1xx_hal_cortex.o
 .debug_abbrev  0x0000000000001782      0x1fe build/stm32f1xx_hal_dma.o
 .debug_abbrev  0x0000000000001980      0x1bb build/stm32f1xx_hal_gpio.o
 .debug_abbrev  0x0000000000001b3b      0x2a8 build/stm32f1xx_hal_rcc.o
 .debug_abbrev  0x0000000000001de3      0x25d build/stm32f1xx_hal_tim.o
 .debug_abbrev  0x0000000000002040      0x265 build/stm32f1xx_hal_tim_ex.o
 .debug_abbrev  0x00000000000022a5      0x278 build/stm32f1xx_hal_uart.o
 .debug_abbrev  0x000000000000251d       0x12 build/startup_stm32f103rbtx.o

.debug_aranges  0x0000000000000000      0xe30
 .debug_aranges
                0x0000000000000000       0x30 build/button.o
 .debug_aranges
                0x0000000000000030       0x20 build/fsm_auto.o
 .debug_aranges
                0x0000000000000050       0x20 build/fsm_manual.o
 .debug_aranges
                0x0000000000000070       0x20 build/fsm_pedestrian.o
 .debug_aranges
                0x0000000000000090       0x20 build/fsm_tuning.o
 .debug_aranges
                0x00000000000000b0       0x18 build/global.o
 .debug_aranges
                0x00000000000000c8       0x58 build/main.o
 .debug_aranges
                0x0000000000000120       0x48 build/scheduler.o
 .debug_aranges
                0x0000000000000168       0x48 build/stm32f1xx_hal_msp.o
 .debug_aranges
                0x00000000000001b0       0x70 build/stm32f1xx_it.o
 .debug_aranges
                0x0000000000000220       0x20 build/sysmem.o
 .debug_aranges
                0x0000000000000240       0x28 build/system_stm32f1xx.o
 .debug_aranges
                0x0000000000000268       0x40 build/timer.o
 .debug_aranges
                0x00000000000002a8       0xe0 build/traffic.o
 .debug_aranges
                0x0000000000000388       0xe0 build/stm32f1xx_hal.o
 .debug_aranges
                0x0000000000000468      0x100 build/stm32f1xx_hal_cortex.o
 .debug_aranges
                0x0000000000000568       0x80 build/stm32f1xx_hal_dma.o
 .debug_aranges
                0x00000000000005e8       0x58 build/stm32f1xx_hal_gpio.o
 .debug_aranges
                0x0000000000000640       0x90 build/stm32f1xx_hal_rcc.o
 .debug_aranges
                0x00000000000006d0      0x3d0 build/stm32f1xx_hal_tim.o
 .debug_aranges
                0x0000000000000aa0      0x168 build/stm32f1xx_hal_tim_ex.o
 .debug_aranges
                0x0000000000000c08      0x200 build/stm32f1xx_hal_uart.o
 .debug_aranges
                0x0000000000000e08       0x28 build/startup_stm32f103rbtx.o

.debug_ranges   0x0000000000000000      0xcf0
 .debug_ranges  0x0000000000000000       0x20 build/button.o
 .debug_ranges  0x0000000000000020       0x10 build/fsm_auto.o
 .debug_ranges  0x0000000000000030       0x10 build/fsm_manual.o
 .debug_ranges  0x0000000000000040       0x10 build/fsm_pedestrian.o
 .debug_ranges  0x0000000000000050       0x10 build/fsm_tuning.o
 .debug_ranges  0x0000000000000060       0x48 build/main.o
 .debug_ranges  0x00000000000000a8       0x38 build/scheduler.o
 .debug_ranges  0x00000000000000e0       0x38 build/stm32f1xx_hal_msp.o
 .debug_ranges  0x0000000000000118       0x60 build/stm32f1xx_it.o
 .debug_ranges  0x0000000000000178       0x10 build/sysmem.o
 .debug_ranges  0x0000000000000188       0x18 build/system_stm32f1xx.o
 .debug_ranges  0x00000000000001a0       0x30 build/timer.o
 .debug_ranges  0x00000000000001d0       0xd0 build/traffic.o
 .debug_ranges  0x00000000000002a0       0xd0 build/stm32f1xx_hal.o
 .debug_ranges  0x0000000000000370       0xf0 build/stm32f1xx_hal_cortex.o
 .debug_ranges  0x0000000000000460       0x70 build/stm32f1xx_hal_dma.o
 .debug_ranges  0x00000000000004d0       0x48 build/stm32f1xx_hal_gpio.o
 .debug_ranges  0x0000000000000518       0x80 build/stm32f1xx_hal_rcc.o
 .debug_ranges  0x0000000000000598      0x3c0 build/stm32f1xx_hal_tim.o
 .debug_ranges  0x0000000000000958      0x158 build/stm32f1xx_hal_tim_ex.o
 .debug_ranges  0x0000000000000ab0      0x220 build/stm32f1xx_hal_uart.o
 .debug_ranges  0x0000000000000cd0       0x20 build/startup_stm32f103rbtx.o

.debug_macro    0x0000000000000000    0x19b50
 .debug_macro   0x0000000000000000      0x320 build/button.o
 .debug_macro   0x0000000000000320      0xa6c build/button.o
 .debug_macro   0x0000000000000d8c      0x21b build/button.o
 .debug_macro   0x0000000000000fa7       0x2e build/button.o
 .debug_macro   0x0000000000000fd5       0x22 build/button.o
 .debug_macro   0x0000000000000ff7       0x22 build/button.o
 .debug_macro   0x0000000000001019       0x8e build/button.o
 .debug_macro   0x00000000000010a7       0x51 build/button.o
 .debug_macro   0x00000000000010f8      0x103 build/button.o
 .debug_macro   0x00000000000011fb       0x6a build/button.o
 .debug_macro   0x0000000000001265      0x1df build/button.o
 .debug_macro   0x0000000000001444       0x1c build/button.o
 .debug_macro   0x0000000000001460       0x22 build/button.o
 .debug_macro   0x0000000000001482       0xbd build/button.o
 .debug_macro   0x000000000000153f      0xd23 build/button.o
 .debug_macro   0x0000000000002262     0xe09e build/button.o
 .debug_macro   0x0000000000010300       0x6d build/button.o
 .debug_macro   0x000000000001036d     0x3468 build/button.o
 .debug_macro   0x00000000000137d5      0x174 build/button.o
 .debug_macro   0x0000000000013949       0x5c build/button.o
 .debug_macro   0x00000000000139a5      0x5be build/button.o
 .debug_macro   0x0000000000013f63      0x289 build/button.o
 .debug_macro   0x00000000000141ec      0x1cb build/button.o
 .debug_macro   0x00000000000143b7      0x114 build/button.o
 .debug_macro   0x00000000000144cb      0x1b2 build/button.o
 .debug_macro   0x000000000001467d       0x27 build/button.o
 .debug_macro   0x00000000000146a4      0x136 build/button.o
 .debug_macro   0x00000000000147da      0x1bc build/button.o
 .debug_macro   0x0000000000014996       0x34 build/button.o
 .debug_macro   0x00000000000149ca       0x3c build/button.o
 .debug_macro   0x0000000000014a06       0x57 build/button.o
 .debug_macro   0x0000000000014a5d       0x88 build/button.o
 .debug_macro   0x0000000000014ae5      0x241 build/button.o
 .debug_macro   0x0000000000014d26      0x141 build/button.o
 .debug_macro   0x0000000000014e67      0x8d1 build/button.o
 .debug_macro   0x0000000000015738      0x279 build/button.o
 .debug_macro   0x00000000000159b1       0x83 build/button.o
 .debug_macro   0x0000000000015a34       0x64 build/button.o
 .debug_macro   0x0000000000015a98       0x18 build/button.o
 .debug_macro   0x0000000000015ab0       0x35 build/button.o
 .debug_macro   0x0000000000015ae5       0x34 build/button.o
 .debug_macro   0x0000000000015b19       0x16 build/button.o
 .debug_macro   0x0000000000015b2f       0x35 build/button.o
 .debug_macro   0x0000000000015b64      0x341 build/button.o
 .debug_macro   0x0000000000015ea5       0x10 build/button.o
 .debug_macro   0x0000000000015eb5       0x16 build/button.o
 .debug_macro   0x0000000000015ecb       0x43 build/button.o
 .debug_macro   0x0000000000015f0e       0x34 build/button.o
 .debug_macro   0x0000000000015f42       0x10 build/button.o
 .debug_macro   0x0000000000015f52       0x58 build/button.o
 .debug_macro   0x0000000000015faa      0x182 build/button.o
 .debug_macro   0x000000000001612c       0x10 build/button.o
 .debug_macro   0x000000000001613c       0x1c build/button.o
 .debug_macro   0x0000000000016158       0x52 build/button.o
 .debug_macro   0x00000000000161aa       0x22 build/button.o
 .debug_macro   0x00000000000161cc       0x10 build/button.o
 .debug_macro   0x00000000000161dc       0x52 build/button.o
 .debug_macro   0x000000000001622e       0xd5 build/button.o
 .debug_macro   0x0000000000016303       0x1c build/button.o
 .debug_macro   0x000000000001631f       0x3d build/button.o
 .debug_macro   0x000000000001635c       0x16 build/button.o
 .debug_macro   0x0000000000016372      0x16f build/button.o
 .debug_macro   0x00000000000164e1       0x88 build/button.o
 .debug_macro   0x0000000000016569       0x34 build/button.o
 .debug_macro   0x000000000001659d      0x350 build/fsm_auto.o
 .debug_macro   0x00000000000168ed       0x16 build/fsm_auto.o
 .debug_macro   0x0000000000016903       0x70 build/fsm_auto.o
 .debug_macro   0x0000000000016973      0x350 build/fsm_manual.o
 .debug_macro   0x0000000000016cc3      0x350 build/fsm_pedestrian.o
 .debug_macro   0x0000000000017013      0x350 build/fsm_tuning.o
 .debug_macro   0x0000000000017363      0x346 build/global.o
 .debug_macro   0x00000000000176a9      0x37c build/main.o
 .debug_macro   0x0000000000017a25       0x10 build/main.o
 .debug_macro   0x0000000000017a35      0x32f build/scheduler.o
 .debug_macro   0x0000000000017d64      0x2fd build/stm32f1xx_hal_msp.o
 .debug_macro   0x0000000000018061      0x307 build/stm32f1xx_it.o
 .debug_macro   0x0000000000018368       0xec build/sysmem.o
 .debug_macro   0x0000000000018454      0x23b build/sysmem.o
 .debug_macro   0x000000000001868f       0xc8 build/system_stm32f1xx.o
 .debug_macro   0x0000000000018757      0x320 build/timer.o
 .debug_macro   0x0000000000018a77      0x346 build/traffic.o
 .debug_macro   0x0000000000018dbd      0x1c2 build/stm32f1xx_hal.o
 .debug_macro   0x0000000000018f7f      0x19e build/stm32f1xx_hal_cortex.o
 .debug_macro   0x000000000001911d      0x19e build/stm32f1xx_hal_dma.o
 .debug_macro   0x00000000000192bb      0x209 build/stm32f1xx_hal_gpio.o
 .debug_macro   0x00000000000194c4      0x1b0 build/stm32f1xx_hal_rcc.o
 .debug_macro   0x0000000000019674      0x19f build/stm32f1xx_hal_tim.o
 .debug_macro   0x0000000000019813      0x19e build/stm32f1xx_hal_tim_ex.o
 .debug_macro   0x00000000000199b1      0x19f build/stm32f1xx_hal_uart.o

.debug_line     0x0000000000000000    0x1115b
 .debug_line    0x0000000000000000      0x91f build/button.o
 .debug_line    0x000000000000091f      0x8b5 build/fsm_auto.o
 .debug_line    0x00000000000011d4      0x8c8 build/fsm_manual.o
 .debug_line    0x0000000000001a9c      0x8e0 build/fsm_pedestrian.o
 .debug_line    0x000000000000237c      0x9ea build/fsm_tuning.o
 .debug_line    0x0000000000002d66      0x797 build/global.o
 .debug_line    0x00000000000034fd      0x9eb build/main.o
 .debug_line    0x0000000000003ee8      0x8cc build/scheduler.o
 .debug_line    0x00000000000047b4      0x859 build/stm32f1xx_hal_msp.o
 .debug_line    0x000000000000500d      0x86e build/stm32f1xx_it.o
 .debug_line    0x000000000000587b      0x425 build/sysmem.o
 .debug_line    0x0000000000005ca0      0x4ce build/system_stm32f1xx.o
 .debug_line    0x000000000000616e      0x831 build/timer.o
 .debug_line    0x000000000000699f      0xa30 build/traffic.o
 .debug_line    0x00000000000073cf      0x90d build/stm32f1xx_hal.o
 .debug_line    0x0000000000007cdc      0xaf5 build/stm32f1xx_hal_cortex.o
 .debug_line    0x00000000000087d1      0xd65 build/stm32f1xx_hal_dma.o
 .debug_line    0x0000000000009536      0x9a4 build/stm32f1xx_hal_gpio.o
 .debug_line    0x0000000000009eda      0xd1b build/stm32f1xx_hal_rcc.o
 .debug_line    0x000000000000abf5     0x32c3 build/stm32f1xx_hal_tim.o
 .debug_line    0x000000000000deb8     0x1835 build/stm32f1xx_hal_tim_ex.o
 .debug_line    0x000000000000f6ed     0x19e8 build/stm32f1xx_hal_uart.o
 .debug_line    0x00000000000110d5       0x86 build/startup_stm32f103rbtx.o

.debug_str      0x0000000000000000    0x8aac9
 .debug_str     0x0000000000000000    0x86bae build/button.o
                                      0x86eee (size before relaxing)
 .debug_str     0x0000000000086bae      0x249 build/fsm_auto.o
                                      0x87014 (size before relaxing)
 .debug_str     0x0000000000086df7       0x56 build/fsm_manual.o
                                      0x87036 (size before relaxing)
 .debug_str     0x0000000000086e4d      0x4cd build/fsm_pedestrian.o
                                      0x874b9 (size before relaxing)
 .debug_str     0x000000000008731a      0x13a build/fsm_tuning.o
                                      0x87101 (size before relaxing)
 .debug_str     0x0000000000087454       0x30 build/global.o
                                      0x86f9c (size before relaxing)
 .debug_str     0x0000000000087484      0x633 build/main.o
                                      0x87b48 (size before relaxing)
 .debug_str     0x0000000000087ab7       0xbb build/scheduler.o
                                      0x86ed8 (size before relaxing)
 .debug_str     0x0000000000087b72      0x378 build/stm32f1xx_hal_msp.o
                                      0x8782b (size before relaxing)
 .debug_str     0x0000000000087eea      0x111 build/stm32f1xx_it.o
                                      0x874b5 (size before relaxing)
 .debug_str     0x0000000000087ffb      0x4d9 build/sysmem.o
                                       0x57de (size before relaxing)
 .debug_str     0x00000000000884d4       0x7d build/system_stm32f1xx.o
                                      0x5461d (size before relaxing)
 .debug_str     0x0000000000088551       0x71 build/timer.o
                                      0x87334 (size before relaxing)
 .debug_str     0x00000000000885c2       0x59 build/traffic.o
                                      0x875d4 (size before relaxing)
 .debug_str     0x000000000008861b      0x37d build/stm32f1xx_hal.o
                                      0x83a4b (size before relaxing)
 .debug_str     0x0000000000088998      0x293 build/stm32f1xx_hal_cortex.o
                                      0x83997 (size before relaxing)
 .debug_str     0x0000000000088c2b      0x234 build/stm32f1xx_hal_dma.o
                                      0x836c1 (size before relaxing)
 .debug_str     0x0000000000088e5f      0x2bc build/stm32f1xx_hal_gpio.o
                                      0x8369e (size before relaxing)
 .debug_str     0x000000000008911b      0x228 build/stm32f1xx_hal_rcc.o
                                      0x83747 (size before relaxing)
 .debug_str     0x0000000000089343      0xd0a build/stm32f1xx_hal_tim.o
                                      0x84732 (size before relaxing)
 .debug_str     0x000000000008a04d      0x492 build/stm32f1xx_hal_tim_ex.o
                                      0x83f4e (size before relaxing)
 .debug_str     0x000000000008a4df      0x5b5 build/stm32f1xx_hal_uart.o
                                      0x83d52 (size before relaxing)
 .debug_str     0x000000000008aa94       0x35 build/startup_stm32f103rbtx.o
                                         0xd5 (size before relaxing)

.comment        0x0000000000000000       0x50
 .comment       0x0000000000000000       0x50 build/button.o
                                         0x51 (size before relaxing)
 .comment       0x0000000000000050       0x51 build/fsm_auto.o
 .comment       0x0000000000000050       0x51 build/fsm_manual.o
 .comment       0x0000000000000050       0x51 build/fsm_pedestrian.o
 .comment       0x0000000000000050       0x51 build/fsm_tuning.o
 .comment       0x0000000000000050       0x51 build/global.o
 .comment       0x0000000000000050       0x51 build/main.o
 .comment       0x0000000000000050       0x51 build/scheduler.o
 .comment       0x0000000000000050       0x51 build/stm32f1xx_hal_msp.o
 .comment       0x0000000000000050       0x51 build/stm32f1xx_it.o
 .comment       0x0000000000000050       0x51 build/sysmem.o
 .comment       0x0000000000000050       0x51 build/system_stm32f1xx.o
 .comment       0x0000000000000050       0x51 build/timer.o
 .comment       0x0000000000000050       0x51 build/traffic.o
 .comment       0x0000000000000050       0x51 build/stm32f1xx_hal.o
 .comment       0x0000000000000050       0x51 build/stm32f1xx_hal_cortex.o
 .comment       0x0000000000000050       0x51 build/stm32f1xx_hal_dma.o
 .comment       0x0000000000000050       0x51 build/stm32f1xx_hal_gpio.o
 .comment       0x0000000000000050       0x51 build/stm32f1xx_hal_rcc.o
 .comment       0x0000000000000050       0x51 build/stm32f1xx_hal_tim.o
 .comment       0x0000000000000050       0x51 build/stm32f1xx_hal_tim_ex.o
 .comment       0x0000000000000050       0x51 build/stm32f1xx_hal_uart.o

.debug_frame    0x0000000000000000     0x3be8
 .debug_frame   0x0000000000000000       0x84 build/button.o
 .debug_frame   0x0000000000000084       0x2c build/fsm_auto.o
 .debug_frame   0x00000000000000b0       0x2c build/fsm_manual.o
 .debug_frame   0x00000000000000dc       0x2c build/fsm_pedestrian.o
 .debug_frame   0x0000000000000108       0x2c build/fsm_tuning.o
 .debug_frame   0x0000000000000134      0x10c build/main.o
 .debug_frame   0x0000000000000240       0xec build/scheduler.o
 .debug_frame   0x000000000000032c       0xec build/stm32f1xx_hal_msp.o
 .debug_frame   0x0000000000000418      0x13c build/stm32f1xx_it.o
 .debug_frame   0x0000000000000554       0x34 build/sysmem.o
 .debug_frame   0x0000000000000588       0x58 build/system_stm32f1xx.o
 .debug_frame   0x00000000000005e0       0xcc build/timer.o
 .debug_frame   0x00000000000006ac      0x2e4 build/traffic.o
 .debug_frame   0x0000000000000990      0x334 build/stm32f1xx_hal.o
 .debug_frame   0x0000000000000cc4      0x428 build/stm32f1xx_hal_cortex.o
 .debug_frame   0x00000000000010ec      0x208 build/stm32f1xx_hal_dma.o
 .debug_frame   0x00000000000012f4      0x14c build/stm32f1xx_hal_gpio.o
 .debug_frame   0x0000000000001440      0x21c build/stm32f1xx_hal_rcc.o
 .debug_frame   0x000000000000165c     0x11b8 build/stm32f1xx_hal_tim.o
 .debug_frame   0x0000000000002814      0x638 build/stm32f1xx_hal_tim_ex.o
 .debug_frame   0x0000000000002e4c      0x914 build/stm32f1xx_hal_uart.o
 .debug_frame   0x0000000000003760       0x20 c:/st/stm32cubeide_1.10.1/stm32cubeide/plugins/com.st.stm32cube.ide.mcu.externaltools.gnu-tools-for-stm32.10.3-2021.10.win32_1.0.0.202111181127/tools/bin/../lib/gcc/arm-none-eabi/10.3.1/../../../../arm-none-eabi/lib/thumb/v7-m/nofp\libc_nano.a(lib_a-errno.o)
 .debug_frame   0x0000000000003780       0x2c c:/st/stm32cubeide_1.10.1/stm32cubeide/plugins/com.st.stm32cube.ide.mcu.externaltools.gnu-tools-for-stm32.10.3-2021.10.win32_1.0.0.202111181127/tools/bin/../lib/gcc/arm-none-eabi/10.3.1/../../../../arm-none-eabi/lib/thumb/v7-m/nofp\libc_nano.a(lib_a-init.o)
 .debug_frame   0x00000000000037ac       0x20 c:/st/stm32cubeide_1.10.1/stm32cubeide/plugins/com.st.stm32cube.ide.mcu.externaltools.gnu-tools-for-stm32.10.3-2021.10.win32_1.0.0.202111181127/tools/bin/../lib/gcc/arm-none-eabi/10.3.1/../../../../arm-none-eabi/lib/thumb/v7-m/nofp\libc_nano.a(lib_a-memset.o)
 .debug_frame   0x00000000000037cc       0x6c c:/st/stm32cubeide_1.10.1/stm32cubeide/plugins/com.st.stm32cube.ide.mcu.externaltools.gnu-tools-for-stm32.10.3-2021.10.win32_1.0.0.202111181127/tools/bin/../lib/gcc/arm-none-eabi/10.3.1/../../../../arm-none-eabi/lib/thumb/v7-m/nofp\libc_nano.a(lib_a-sprintf.o)
 .debug_frame   0x0000000000003838       0x90 c:/st/stm32cubeide_1.10.1/stm32cubeide/plugins/com.st.stm32cube.ide.mcu.externaltools.gnu-tools-for-stm32.10.3-2021.10.win32_1.0.0.202111181127/tools/bin/../lib/gcc/arm-none-eabi/10.3.1/../../../../arm-none-eabi/lib/thumb/v7-m/nofp\libc_nano.a(lib_a-nano-svfprintf.o)
 .debug_frame   0x00000000000038c8       0x60 c:/st/stm32cubeide_1.10.1/stm32cubeide/plugins/com.st.stm32cube.ide.mcu.externaltools.gnu-tools-for-stm32.10.3-2021.10.win32_1.0.0.202111181127/tools/bin/../lib/gcc/arm-none-eabi/10.3.1/../../../../arm-none-eabi/lib/thumb/v7-m/nofp\libc_nano.a(lib_a-nano-vfprintf_i.o)
 .debug_frame   0x0000000000003928       0x28 c:/st/stm32cubeide_1.10.1/stm32cubeide/plugins/com.st.stm32cube.ide.mcu.externaltools.gnu-tools-for-stm32.10.3-2021.10.win32_1.0.0.202111181127/tools/bin/../lib/gcc/arm-none-eabi/10.3.1/../../../../arm-none-eabi/lib/thumb/v7-m/nofp\libc_nano.a(lib_a-memchr-stub.o)
 .debug_frame   0x0000000000003950       0x28 c:/st/stm32cubeide_1.10.1/stm32cubeide/plugins/com.st.stm32cube.ide.mcu.externaltools.gnu-tools-for-stm32.10.3-2021.10.win32_1.0.0.202111181127/tools/bin/../lib/gcc/arm-none-eabi/10.3.1/../../../../arm-none-eabi/lib/thumb/v7-m/nofp\libc_nano.a(lib_a-memcpy-stub.o)
 .debug_frame   0x0000000000003978       0x28 c:/st/stm32cubeide_1.10.1/stm32cubeide/plugins/com.st.stm32cube.ide.mcu.externaltools.gnu-tools-for-stm32.10.3-2021.10.win32_1.0.0.202111181127/tools/bin/../lib/gcc/arm-none-eabi/10.3.1/../../../../arm-none-eabi/lib/thumb/v7-m/nofp\libc_nano.a(lib_a-memmove.o)
 .debug_frame   0x00000000000039a0       0x38 c:/st/stm32cubeide_1.10.1/stm32cubeide/plugins/com.st.stm32cube.ide.mcu.externaltools.gnu-tools-for-stm32.10.3-2021.10.win32_1.0.0.202111181127/tools/bin/../lib/gcc/arm-none-eabi/10.3.1/../../../../arm-none-eabi/lib/thumb/v7-m/nofp\libc_nano.a(lib_a-nano-freer.o)
 .debug_frame   0x00000000000039d8       0x4c c:/st/stm32cubeide_1.10.1/stm32cubeide/plugins/com.st.stm32cube.ide.mcu.externaltools.gnu-tools-for-stm32.10.3-2021.10.win32_1.0.0.202111181127/tools/bin/../lib/gcc/arm-none-eabi/10.3.1/../../../../arm-none-eabi/lib/thumb/v7-m/nofp\libc_nano.a(lib_a-nano-mallocr.o)
 .debug_frame   0x0000000000003a24       0x3c c:/st/stm32cubeide_1.10.1/stm32cubeide/plugins/com.st.stm32cube.ide.mcu.externaltools.gnu-tools-for-stm32.10.3-2021.10.win32_1.0.0.202111181127/tools/bin/../lib/gcc/arm-none-eabi/10.3.1/../../../../arm-none-eabi/lib/thumb/v7-m/nofp\libc_nano.a(lib_a-nano-reallocr.o)
 .debug_frame   0x0000000000003a60       0x2c c:/st/stm32cubeide_1.10.1/stm32cubeide/plugins/com.st.stm32cube.ide.mcu.externaltools.gnu-tools-for-stm32.10.3-2021.10.win32_1.0.0.202111181127/tools/bin/../lib/gcc/arm-none-eabi/10.3.1/../../../../arm-none-eabi/lib/thumb/v7-m/nofp\libc_nano.a(lib_a-sbrkr.o)
 .debug_frame   0x0000000000003a8c       0x30 c:/st/stm32cubeide_1.10.1/stm32cubeide/plugins/com.st.stm32cube.ide.mcu.externaltools.gnu-tools-for-stm32.10.3-2021.10.win32_1.0.0.202111181127/tools/bin/../lib/gcc/arm-none-eabi/10.3.1/../../../../arm-none-eabi/lib/thumb/v7-m/nofp\libc_nano.a(lib_a-mlock.o)
 .debug_frame   0x0000000000003abc       0x20 c:/st/stm32cubeide_1.10.1/stm32cubeide/plugins/com.st.stm32cube.ide.mcu.externaltools.gnu-tools-for-stm32.10.3-2021.10.win32_1.0.0.202111181127/tools/bin/../lib/gcc/arm-none-eabi/10.3.1/../../../../arm-none-eabi/lib/thumb/v7-m/nofp\libc_nano.a(lib_a-nano-msizer.o)
 .debug_frame   0x0000000000003adc       0x5c c:/st/stm32cubeide_1.10.1/stm32cubeide/plugins/com.st.stm32cube.ide.mcu.externaltools.gnu-tools-for-stm32.10.3-2021.10.win32_1.0.0.202111181127/tools/bin/../lib/gcc/arm-none-eabi/10.3.1/../../../../arm-none-eabi/lib/thumb/v7-m/nofp\libc_nano.a(lib_a-reent.o)
 .debug_frame   0x0000000000003b38       0xb0 c:/st/stm32cubeide_1.10.1/stm32cubeide/plugins/com.st.stm32cube.ide.mcu.externaltools.gnu-tools-for-stm32.10.3-2021.10.win32_1.0.0.202111181127/tools/bin/../lib/gcc/arm-none-eabi/10.3.1/../../../../arm-none-eabi/lib/thumb/v7-m/nofp\libc_nano.a(lib_a-lock.o)

Cross Reference Table

Symbol                                            File
ADC1_2_IRQHandler                                 build/startup_stm32f103rbtx.o
AHBPrescTable                                     build/system_stm32f1xx.o
                                                  build/stm32f1xx_hal_rcc.o
APBPrescTable                                     build/system_stm32f1xx.o
                                                  build/stm32f1xx_hal_rcc.o
BusFault_Handler                                  build/stm32f1xx_it.o
CAN1_RX1_IRQHandler                               build/startup_stm32f103rbtx.o
CAN1_SCE_IRQHandler                               build/startup_stm32f103rbtx.o
DMA1_Channel1_IRQHandler                          build/startup_stm32f103rbtx.o
DMA1_Channel2_IRQHandler                          build/startup_stm32f103rbtx.o
DMA1_Channel3_IRQHandler                          build/startup_stm32f103rbtx.o
DMA1_Channel4_IRQHandler                          build/startup_stm32f103rbtx.o
DMA1_Channel5_IRQHandler                          build/startup_stm32f103rbtx.o
DMA1_Channel6_IRQHandler                          build/startup_stm32f103rbtx.o
DMA1_Channel7_IRQHandler                          build/startup_stm32f103rbtx.o
DebugMon_Handler                                  build/stm32f1xx_it.o
Default_Handler                                   build/startup_stm32f103rbtx.o
EXTI0_IRQHandler                                  build/startup_stm32f103rbtx.o
EXTI15_10_IRQHandler                              build/startup_stm32f103rbtx.o
EXTI1_IRQHandler                                  build/startup_stm32f103rbtx.o
EXTI2_IRQHandler                                  build/startup_stm32f103rbtx.o
EXTI3_IRQHandler                                  build/startup_stm32f103rbtx.o
EXTI4_IRQHandler                                  build/startup_stm32f103rbtx.o
EXTI9_5_IRQHandler                                build/startup_stm32f103rbtx.o
Error_Handler                                     build/main.o
FLASH_IRQHandler                                  build/startup_stm32f103rbtx.o
FLASH_PageErase                                   build/stm32f1xx_hal_flash_ex.o
                                                  build/stm32f1xx_hal_flash.o
FLASH_WaitForLastOperation                        build/stm32f1xx_hal_flash.o
                                                  build/stm32f1xx_hal_flash_ex.o
HAL_DBGMCU_DisableDBGSleepMode                    build/stm32f1xx_hal.o
HAL_DBGMCU_DisableDBGStandbyMode                  build/stm32f1xx_hal.o
HAL_DBGMCU_DisableDBGStopMode                     build/stm32f1xx_hal.o
HAL_DBGMCU_EnableDBGSleepMode                     build/stm32f1xx_hal.o
HAL_DBGMCU_EnableDBGStandbyMode                   build/stm32f1xx_hal.o
HAL_DBGMCU_EnableDBGStopMode                      build/stm32f1xx_hal.o
HAL_DMA_Abort                                     build/stm32f1xx_hal_dma.o
                                                  build/stm32f1xx_hal_uart.o
HAL_DMA_Abort_IT                                  build/stm32f1xx_hal_dma.o
                                                  build/stm32f1xx_hal_uart.o
                                                  build/stm32f1xx_hal_tim_ex.o
                                                  build/stm32f1xx_hal_tim.o
HAL_DMA_DeInit                                    build/stm32f1xx_hal_dma.o
HAL_DMA_GetError                                  build/stm32f1xx_hal_dma.o
                                                  build/stm32f1xx_hal_uart.o
HAL_DMA_GetState                                  build/stm32f1xx_hal_dma.o
HAL_DMA_IRQHandler                                build/stm32f1xx_hal_dma.o
HAL_DMA_Init                                      build/stm32f1xx_hal_dma.o
HAL_DMA_PollForTransfer                           build/stm32f1xx_hal_dma.o
HAL_DMA_RegisterCallback                          build/stm32f1xx_hal_dma.o
HAL_DMA_Start                                     build/stm32f1xx_hal_dma.o
HAL_DMA_Start_IT                                  build/stm32f1xx_hal_dma.o
                                                  build/stm32f1xx_hal_uart.o
                                                  build/stm32f1xx_hal_tim_ex.o
                                                  build/stm32f1xx_hal_tim.o
HAL_DMA_UnRegisterCallback                        build/stm32f1xx_hal_dma.o
HAL_DeInit                                        build/stm32f1xx_hal.o
HAL_Delay                                         build/stm32f1xx_hal.o
HAL_EXTI_ClearConfigLine                          build/stm32f1xx_hal_exti.o
HAL_EXTI_ClearPending                             build/stm32f1xx_hal_exti.o
HAL_EXTI_GenerateSWI                              build/stm32f1xx_hal_exti.o
HAL_EXTI_GetConfigLine                            build/stm32f1xx_hal_exti.o
HAL_EXTI_GetHandle                                build/stm32f1xx_hal_exti.o
HAL_EXTI_GetPending                               build/stm32f1xx_hal_exti.o
HAL_EXTI_IRQHandler                               build/stm32f1xx_hal_exti.o
HAL_EXTI_RegisterCallback                         build/stm32f1xx_hal_exti.o
HAL_EXTI_SetConfigLine                            build/stm32f1xx_hal_exti.o
HAL_FLASHEx_Erase                                 build/stm32f1xx_hal_flash_ex.o
HAL_FLASHEx_Erase_IT                              build/stm32f1xx_hal_flash_ex.o
HAL_FLASHEx_OBErase                               build/stm32f1xx_hal_flash_ex.o
HAL_FLASHEx_OBGetConfig                           build/stm32f1xx_hal_flash_ex.o
HAL_FLASHEx_OBGetUserData                         build/stm32f1xx_hal_flash_ex.o
HAL_FLASHEx_OBProgram                             build/stm32f1xx_hal_flash_ex.o
HAL_FLASH_EndOfOperationCallback                  build/stm32f1xx_hal_flash.o
HAL_FLASH_GetError                                build/stm32f1xx_hal_flash.o
HAL_FLASH_IRQHandler                              build/stm32f1xx_hal_flash.o
HAL_FLASH_Lock                                    build/stm32f1xx_hal_flash.o
HAL_FLASH_OB_Launch                               build/stm32f1xx_hal_flash.o
HAL_FLASH_OB_Lock                                 build/stm32f1xx_hal_flash.o
HAL_FLASH_OB_Unlock                               build/stm32f1xx_hal_flash.o
HAL_FLASH_OperationErrorCallback                  build/stm32f1xx_hal_flash.o
HAL_FLASH_Program                                 build/stm32f1xx_hal_flash.o
HAL_FLASH_Program_IT                              build/stm32f1xx_hal_flash.o
HAL_FLASH_Unlock                                  build/stm32f1xx_hal_flash.o
HAL_GPIOEx_ConfigEventout                         build/stm32f1xx_hal_gpio_ex.o
HAL_GPIOEx_DisableEventout                        build/stm32f1xx_hal_gpio_ex.o
HAL_GPIOEx_EnableEventout                         build/stm32f1xx_hal_gpio_ex.o
HAL_GPIO_DeInit                                   build/stm32f1xx_hal_gpio.o
                                                  build/stm32f1xx_hal_msp.o
HAL_GPIO_EXTI_Callback                            build/stm32f1xx_hal_gpio.o
HAL_GPIO_EXTI_IRQHandler                          build/stm32f1xx_hal_gpio.o
HAL_GPIO_Init                                     build/stm32f1xx_hal_gpio.o
                                                  build/stm32f1xx_hal_rcc.o
                                                  build/stm32f1xx_hal_msp.o
                                                  build/main.o
HAL_GPIO_LockPin                                  build/stm32f1xx_hal_gpio.o
HAL_GPIO_ReadPin                                  build/stm32f1xx_hal_gpio.o
                                                  build/main.o
                                                  build/button.o
HAL_GPIO_TogglePin                                build/stm32f1xx_hal_gpio.o
                                                  build/traffic.o
HAL_GPIO_WritePin                                 build/stm32f1xx_hal_gpio.o
                                                  build/traffic.o
                                                  build/main.o
HAL_GetDEVID                                      build/stm32f1xx_hal.o
HAL_GetHalVersion                                 build/stm32f1xx_hal.o
HAL_GetREVID                                      build/stm32f1xx_hal.o
HAL_GetTick                                       build/stm32f1xx_hal.o
                                                  build/stm32f1xx_hal_uart.o
                                                  build/stm32f1xx_hal_rcc_ex.o
                                                  build/stm32f1xx_hal_rcc.o
                                                  build/stm32f1xx_hal_flash.o
                                                  build/stm32f1xx_hal_dma.o
HAL_GetTickFreq                                   build/stm32f1xx_hal.o
HAL_GetTickPrio                                   build/stm32f1xx_hal.o
HAL_GetUIDw0                                      build/stm32f1xx_hal.o
HAL_GetUIDw1                                      build/stm32f1xx_hal.o
HAL_GetUIDw2                                      build/stm32f1xx_hal.o
HAL_HalfDuplex_EnableReceiver                     build/stm32f1xx_hal_uart.o
HAL_HalfDuplex_EnableTransmitter                  build/stm32f1xx_hal_uart.o
HAL_HalfDuplex_Init                               build/stm32f1xx_hal_uart.o
HAL_IncTick                                       build/stm32f1xx_hal.o
                                                  build/stm32f1xx_it.o