traffic.c:4:6:setTraffic1Red	8	static
traffic.c:10:6:setTraffic2Red	8	static
traffic.c:15:6:setTraffic1Green	8	static
traffic.c:20:6:clearTraffic1	8	static
traffic.c:26:6:setTraffic2Green	8	static
traffic.c:31:6:setTraffic1Yellow	8	static
traffic.c:36:6:setTraffic2Yellow	8	static
traffic.c:41:6:clearTraffic2	8	static
traffic.c:46:6:setPedestrianRed	8	static
traffic.c:51:6:setPedestrianGreen	8	static
traffic.c:56:6:setPedestrianYellow	8	static
traffic.c:61:6:clearPedestrian	8	static
traffic.c:66:6:toggleTraffic1Red	8	static
traffic.c:71:6:toggleTraffic2Red	8	static
traffic.c:76:6:toggleTraffic1Green	8	static
traffic.c:81:6:toggleTraffic2Green	8	static
traffic.c:86:6:toggleTraffic1Yellow	8	static
traffic.c:92:6:toggleTraffic2Yellow	8	static
traffic.c:98:6:acceptTraffic1Red	4	static
traffic.c:104:6:acceptTraffic2Red	4	static
traffic.c:110:6:acceptTraffic1Green	4	static
traffic.c:115:6:acceptTraffic2Green	4	static
traffic.c:120:6:acceptTraffic1Yellow	4	static
traffic.c:125:6:acceptTraffic2Yellow	4	static
traffic.c:130:6:displayCounter	8	static
